实验: 实验3: 中心裁剪 vs YOLOv8 ROI提取 vs 不做ROI提取 - resnet50
运行ID: exp3_resnet50_yolo_20260427_142133
开始时间: 2026-04-27T14:23:13.269844
耗时: 99.27秒
================================================================================
[INFO] Log will be saved to logs/resnet50_complex_train_log_20260427_142137.txt

===== CONFIG =====
dataset:
  input_size: 224
  batch_size: 16
  limit_train_per_class: 85
  limit_val_per_class: 20
model:
  num_classes: 9
train:
  epochs_stage1: 20
  epochs_stage2: 30
  grad_clip: 0.5
criterion:
  label_smoothing: 0.05
optimizer:
  lr_stage1: 0.001
  lr_stage2: 5.0e-05
  beta1: 0.9
  beta2: 0.999
  eps: 1.0e-08
  weight_decay: 0.02
early_stop:
  patience: 7
  min_delta: 0.002
scheduler:
  mode: max
  factor: 0.5
  patience: 2
  min_lr: 5.0e-07
  cosin:
    warmup_epochs: 4
    warmup_lr_init: 1.0e-07
    min_lr: 5.0e-08
logger:
  model_name: resnet50_complex

==================

[INFO] Reading Dataset for type: complex_yolo
[INFO] Loaded training samples: 1290, validation samples: 363
[INFO] Subset dataset to 765 samples (limit 85 per class)
[INFO] Subset dataset to 180 samples (limit 20 per class)
[INFO] 数据集实际类别数: 9
[INFO] ResNet50 ImageNet pretrained: True
[INFO] Time 2.19s | TrainLoss 1.8809 | TrainAcc 41.36% | ValLoss 1.5609 | ValAcc 79.44% | ValTop5 97.78%
[INFO] Current Stage1 learning rate: 0.001000
[INFO] Update best ValAcc: 79.44%
[INFO] Time 1.74s | TrainLoss 1.4270 | TrainAcc 75.13% | ValLoss 1.3126 | ValAcc 82.22% | ValTop5 98.89%
[INFO] Current Stage1 learning rate: 0.001000
[INFO] Update best ValAcc: 82.22%
[INFO] Time 1.65s | TrainLoss 1.2390 | TrainAcc 81.52% | ValLoss 1.1287 | ValAcc 90.56% | ValTop5 99.44%
[INFO] Current Stage1 learning rate: 0.001000
[INFO] Update best ValAcc: 90.56%
[INFO] Time 1.69s | TrainLoss 1.1282 | TrainAcc 84.84% | ValLoss 1.0628 | ValAcc 91.11% | ValTop5 99.44%
[INFO] Current Stage1 learning rate: 0.001000
[INFO] Update best ValAcc: 91.11%
[INFO] Time 1.62s | TrainLoss 1.0442 | TrainAcc 86.70% | ValLoss 1.0311 | ValAcc 92.22% | ValTop5 99.44%
[INFO] Current Stage1 learning rate: 0.001000
[INFO] Update best ValAcc: 92.22%
[INFO] Time 1.69s | TrainLoss 1.0127 | TrainAcc 87.10% | ValLoss 0.9735 | ValAcc 92.22% | ValTop5 99.44%
[INFO] Current Stage1 learning rate: 0.001000
[INFO] Patience counter: 1/7
[INFO] Time 1.63s | TrainLoss 0.9639 | TrainAcc 89.10% | ValLoss 0.9331 | ValAcc 90.56% | ValTop5 99.44%
[INFO] Current Stage1 learning rate: 0.001000
[INFO] Patience counter: 2/7
[INFO] Time 1.73s | TrainLoss 0.9288 | TrainAcc 90.56% | ValLoss 0.9027 | ValAcc 88.89% | ValTop5 99.44%
[INFO] Current Stage1 learning rate: 0.000500
[INFO] Patience counter: 3/7
[INFO] Time 1.68s | TrainLoss 0.9165 | TrainAcc 90.29% | ValLoss 0.9302 | ValAcc 91.67% | ValTop5 99.44%
[INFO] Current Stage1 learning rate: 0.000500
[INFO] Patience counter: 4/7
[INFO] Time 1.60s | TrainLoss 0.9340 | TrainAcc 88.96% | ValLoss 0.9143 | ValAcc 89.44% | ValTop5 99.44%
[INFO] Current Stage1 learning rate: 0.000500
[INFO] Patience counter: 5/7
[INFO] Time 1.66s | TrainLoss 0.9279 | TrainAcc 89.36% | ValLoss 0.8893 | ValAcc 92.22% | ValTop5 99.44%
[INFO] Current Stage1 learning rate: 0.000250
[INFO] Patience counter: 6/7
[INFO] Time 1.68s | TrainLoss 0.9340 | TrainAcc 90.03% | ValLoss 0.9139 | ValAcc 91.67% | ValTop5 99.44%
[INFO] Current Stage1 learning rate: 0.000250
[INFO] Patience counter: 7/7
[INFO] Early stopping at epoch 12
[INFO] Stage1 training done. Best ValAcc: 92.22%
[INFO] Time 2.88s | TrainLoss 0.9905 | TrainAcc 87.50% | ValLoss 0.9772 | ValAcc 89.44% | ValTop5 99.44%
[INFO] Current Stage2 learning rate: 0.000013
[INFO] Update best ValAcc: 89.44%
[INFO] Time 2.81s | TrainLoss 0.9582 | TrainAcc 86.57% | ValLoss 0.8985 | ValAcc 90.56% | ValTop5 99.44%
[INFO] Current Stage2 learning rate: 0.000025
[INFO] Update best ValAcc: 90.56%
[INFO] Time 2.83s | TrainLoss 0.8540 | TrainAcc 90.69% | ValLoss 0.8214 | ValAcc 91.67% | ValTop5 99.44%
[INFO] Current Stage2 learning rate: 0.000038
[INFO] Update best ValAcc: 91.67%
[INFO] Time 2.80s | TrainLoss 0.7691 | TrainAcc 90.82% | ValLoss 0.7238 | ValAcc 92.22% | ValTop5 99.44%
[INFO] Current Stage2 learning rate: 0.000050
[INFO] Update best ValAcc: 92.22%
[INFO] Time 2.81s | TrainLoss 0.7285 | TrainAcc 90.16% | ValLoss 0.6628 | ValAcc 94.44% | ValTop5 99.44%
[INFO] Current Stage2 learning rate: 0.000050
[INFO] Update best ValAcc: 94.44%
[INFO] Time 2.82s | TrainLoss 0.6463 | TrainAcc 92.95% | ValLoss 0.6039 | ValAcc 94.44% | ValTop5 99.44%
[INFO] Current Stage2 learning rate: 0.000049
[INFO] Patience counter: 1/7
[INFO] Time 2.82s | TrainLoss 0.5905 | TrainAcc 94.55% | ValLoss 0.5470 | ValAcc 95.56% | ValTop5 99.44%
[INFO] Current Stage2 learning rate: 0.000048
[INFO] Update best ValAcc: 95.56%
[INFO] Time 2.82s | TrainLoss 0.5547 | TrainAcc 94.02% | ValLoss 0.5382 | ValAcc 95.00% | ValTop5 99.44%
[INFO] Current Stage2 learning rate: 0.000047
[INFO] Patience counter: 1/7
[INFO] Time 2.86s | TrainLoss 0.5542 | TrainAcc 94.68% | ValLoss 0.5076 | ValAcc 95.00% | ValTop5 99.44%
[INFO] Current Stage2 learning rate: 0.000046
[INFO] Patience counter: 2/7
[INFO] Time 2.81s | TrainLoss 0.5197 | TrainAcc 94.95% | ValLoss 0.5083 | ValAcc 95.00% | ValTop5 99.44%
[INFO] Current Stage2 learning rate: 0.000044
[INFO] Patience counter: 3/7
[INFO] Time 2.82s | TrainLoss 0.4710 | TrainAcc 96.14% | ValLoss 0.4670 | ValAcc 96.11% | ValTop5 99.44%
[INFO] Current Stage2 learning rate: 0.000042
[INFO] Update best ValAcc: 96.11%
[INFO] Time 2.85s | TrainLoss 0.4542 | TrainAcc 96.81% | ValLoss 0.4795 | ValAcc 96.67% | ValTop5 99.44%
[INFO] Current Stage2 learning rate: 0.000039
[INFO] Update best ValAcc: 96.67%
[INFO] Time 2.85s | TrainLoss 0.4416 | TrainAcc 96.28% | ValLoss 0.4646 | ValAcc 96.11% | ValTop5 99.44%
[INFO] Current Stage2 learning rate: 0.000037
[INFO] Patience counter: 1/7
[INFO] Time 2.81s | TrainLoss 0.4528 | TrainAcc 97.07% | ValLoss 0.4516 | ValAcc 96.11% | ValTop5 99.44%
[INFO] Current Stage2 learning rate: 0.000034
[INFO] Patience counter: 2/7
[INFO] Time 2.81s | TrainLoss 0.4131 | TrainAcc 98.01% | ValLoss 0.4432 | ValAcc 96.11% | ValTop5 99.44%
[INFO] Current Stage2 learning rate: 0.000031
[INFO] Patience counter: 3/7
[INFO] Time 2.83s | TrainLoss 0.3904 | TrainAcc 98.27% | ValLoss 0.4221 | ValAcc 97.22% | ValTop5 99.44%
[INFO] Current Stage2 learning rate: 0.000028
[INFO] Update best ValAcc: 97.22%
[INFO] Time 2.84s | TrainLoss 0.4151 | TrainAcc 97.74% | ValLoss 0.4153 | ValAcc 96.67% | ValTop5 99.44%
[INFO] Current Stage2 learning rate: 0.000025
[INFO] Patience counter: 1/7
[INFO] Time 2.81s | TrainLoss 0.3940 | TrainAcc 97.61% | ValLoss 0.4365 | ValAcc 96.11% | ValTop5 99.44%
[INFO] Current Stage2 learning rate: 0.000022
[INFO] Patience counter: 2/7
[INFO] Time 2.83s | TrainLoss 0.3974 | TrainAcc 97.87% | ValLoss 0.4185 | ValAcc 96.67% | ValTop5 99.44%
[INFO] Current Stage2 learning rate: 0.000019
[INFO] Patience counter: 3/7
[INFO] Time 2.84s | TrainLoss 0.3888 | TrainAcc 97.74% | ValLoss 0.4100 | ValAcc 96.67% | ValTop5 99.44%
[INFO] Current Stage2 learning rate: 0.000016
[INFO] Patience counter: 4/7
[INFO] Time 2.81s | TrainLoss 0.3857 | TrainAcc 98.40% | ValLoss 0.4183 | ValAcc 96.67% | ValTop5 99.44%
[INFO] Current Stage2 learning rate: 0.000013
[INFO] Patience counter: 5/7
[INFO] Time 2.82s | TrainLoss 0.3876 | TrainAcc 97.87% | ValLoss 0.4093 | ValAcc 96.11% | ValTop5 99.44%
[INFO] Current Stage2 learning rate: 0.000011
[INFO] Patience counter: 6/7
[INFO] Time 2.83s | TrainLoss 0.3856 | TrainAcc 98.40% | ValLoss 0.4119 | ValAcc 96.67% | ValTop5 99.44%
[INFO] Current Stage2 learning rate: 0.000008
[INFO] Patience counter: 7/7
[INFO] Early stopping at epoch 23
[INFO] Stage2 training done. Best ValAcc: 97.22%
模型已保存至：results/resnet50_complex/20260427_142144/checkpoints/resnet50_best_20260427_142144.pth

============================================================
开始计算论文所需指标...
============================================================
[1/6] 计算Top-1和Top-5准确率...
[2/6] 计算参数量和FLOPs...
[3/6] 测量推理速度...
[4/6] 计算混淆矩阵和分类指标...
[5/6] 计算收敛轮数...
[6/6] 计算训练稳定性指标...

所有指标已保存至: results/resnet50_complex/20260427_142144/thesis_metrics.json
============================================================

论文指标已保存至: results/resnet50_complex/20260427_142144/thesis_metrics.json
[INFO] Loaded independent test samples: 179
[INFO] Independent TestLoss 0.8582 | TestAcc 79.33% | TestTop5 98.32%
可视化已保存至：results/resnet50_complex/20260427_142144/visualization

[STDERR]

Stage1 Epoch 1/20:   0%|                                                                                         | 0/47 [00:00<?, ?it/s]/mnt/workspace/engine/trainer.py:55: FutureWarning: `torch.cuda.amp.autocast(args...)` is deprecated. Please use `torch.amp.autocast('cuda', args...)` instead.
  with autocast(enabled=scaler is not None):

Stage1 Epoch 1/20:   2%|█▋                                                                               | 1/47 [00:00<00:29,  1.58it/s]
Stage1 Epoch 1/20:  17%|█████████████▊                                                                   | 8/47 [00:00<00:02, 13.80it/s]
Stage1 Epoch 1/20:  30%|███████████████████████▊                                                        | 14/47 [00:00<00:01, 21.48it/s]
Stage1 Epoch 1/20:  38%|██████████████████████████████▋                                                 | 18/47 [00:00<00:01, 25.02it/s]
Stage1 Epoch 1/20:  47%|█████████████████████████████████████▍                                          | 22/47 [00:01<00:00, 26.16it/s]
Stage1 Epoch 1/20:  55%|████████████████████████████████████████████▎                                   | 26/47 [00:01<00:00, 28.04it/s]
Stage1 Epoch 1/20:  64%|███████████████████████████████████████████████████                             | 30/47 [00:01<00:00, 30.41it/s]
Stage1 Epoch 1/20:  72%|█████████████████████████████████████████████████████████▊                      | 34/47 [00:01<00:00, 32.49it/s]
Stage1 Epoch 1/20:  81%|████████████████████████████████████████████████████████████████▋               | 38/47 [00:01<00:00, 31.47it/s]
Stage1 Epoch 1/20:  91%|█████████████████████████████████████████████████████████████████████████▏      | 43/47 [00:01<00:00, 33.40it/s]
Stage1 Epoch 1/20: 100%|████████████████████████████████████████████████████████████████████████████████| 47/47 [00:01<00:00, 25.61it/s]

Stage1 Epoch 2/20:   0%|                                                                                         | 0/47 [00:00<?, ?it/s]
Stage1 Epoch 2/20:   2%|█▋                                                                               | 1/47 [00:00<00:07,  6.14it/s]
Stage1 Epoch 2/20:  11%|████████▌                                                                        | 5/47 [00:00<00:02, 19.27it/s]
Stage1 Epoch 2/20:  23%|██████████████████▋                                                             | 11/47 [00:00<00:01, 32.61it/s]
Stage1 Epoch 2/20:  32%|█████████████████████████▌                                                      | 15/47 [00:00<00:00, 34.85it/s]
Stage1 Epoch 2/20:  40%|████████████████████████████████▎                                               | 19/47 [00:00<00:00, 33.00it/s]
Stage1 Epoch 2/20:  49%|███████████████████████████████████████▏                                        | 23/47 [00:00<00:00, 31.34it/s]
Stage1 Epoch 2/20:  57%|█████████████████████████████████████████████▉                                  | 27/47 [00:00<00:00, 31.80it/s]
Stage1 Epoch 2/20:  66%|████████████████████████████████████████████████████▊                           | 31/47 [00:01<00:00, 32.53it/s]
Stage1 Epoch 2/20:  74%|███████████████████████████████████████████████████████████▌                    | 35/47 [00:01<00:00, 34.09it/s]
Stage1 Epoch 2/20:  83%|██████████████████████████████████████████████████████████████████▍             | 39/47 [00:01<00:00, 33.37it/s]
Stage1 Epoch 2/20:  94%|██████████████████████████████████████████████████████████████████████████▉     | 44/47 [00:01<00:00, 37.06it/s]
Stage1 Epoch 2/20: 100%|████████████████████████████████████████████████████████████████████████████████| 47/47 [00:01<00:00, 32.49it/s]

Stage1 Epoch 3/20:   0%|                                                                                         | 0/47 [00:00<?, ?it/s]
Stage1 Epoch 3/20:   2%|█▋                                                                               | 1/47 [00:00<00:07,  6.17it/s]
Stage1 Epoch 3/20:  13%|██████████▎                                                                      | 6/47 [00:00<00:01, 23.29it/s]
Stage1 Epoch 3/20:  21%|█████████████████                                                               | 10/47 [00:00<00:01, 26.34it/s]
Stage1 Epoch 3/20:  32%|█████████████████████████▌                                                      | 15/47 [00:00<00:00, 33.57it/s]
Stage1 Epoch 3/20:  40%|████████████████████████████████▎                                               | 19/47 [00:00<00:00, 34.91it/s]
Stage1 Epoch 3/20:  49%|███████████████████████████████████████▏                                        | 23/47 [00:00<00:00, 35.91it/s]
Stage1 Epoch 3/20:  57%|█████████████████████████████████████████████▉                                  | 27/47 [00:00<00:00, 36.61it/s]
Stage1 Epoch 3/20:  68%|██████████████████████████████████████████████████████▍                         | 32/47 [00:00<00:00, 39.14it/s]
Stage1 Epoch 3/20:  79%|██████████████████████████████████████████████████████████████▉                 | 37/47 [00:01<00:00, 41.61it/s]
Stage1 Epoch 3/20:  89%|███████████████████████████████████████████████████████████████████████▍        | 42/47 [00:01<00:00, 39.03it/s]
Stage1 Epoch 3/20:  98%|██████████████████████████████████████████████████████████████████████████████▎ | 46/47 [00:01<00:00, 38.94it/s]
Stage1 Epoch 3/20: 100%|████████████████████████████████████████████████████████████████████████████████| 47/47 [00:01<00:00, 34.69it/s]

Stage1 Epoch 4/20:   0%|                                                                                         | 0/47 [00:00<?, ?it/s]
Stage1 Epoch 4/20:   2%|█▋                                                                               | 1/47 [00:00<00:08,  5.62it/s]
Stage1 Epoch 4/20:  11%|████████▌                                                                        | 5/47 [00:00<00:02, 20.55it/s]
Stage1 Epoch 4/20:  19%|███████████████▌                                                                 | 9/47 [00:00<00:01, 27.80it/s]
Stage1 Epoch 4/20:  28%|██████████████████████▏                                                         | 13/47 [00:00<00:01, 31.79it/s]
Stage1 Epoch 4/20:  36%|████████████████████████████▉                                                   | 17/47 [00:00<00:00, 30.46it/s]
Stage1 Epoch 4/20:  45%|███████████████████████████████████▋                                            | 21/47 [00:00<00:00, 31.48it/s]
Stage1 Epoch 4/20:  55%|████████████████████████████████████████████▎                                   | 26/47 [00:00<00:00, 34.18it/s]
Stage1 Epoch 4/20:  66%|████████████████████████████████████████████████████▊                           | 31/47 [00:00<00:00, 38.30it/s]
Stage1 Epoch 4/20:  77%|█████████████████████████████████████████████████████████████▎                  | 36/47 [00:01<00:00, 41.14it/s]
Stage1 Epoch 4/20:  87%|█████████████████████████████████████████████████████████████████████▊          | 41/47 [00:01<00:00, 38.64it/s]
Stage1 Epoch 4/20:  96%|████████████████████████████████████████████████████████████████████████████▌   | 45/47 [00:01<00:00, 38.56it/s]
Stage1 Epoch 4/20: 100%|████████████████████████████████████████████████████████████████████████████████| 47/47 [00:01<00:00, 33.89it/s]

Stage1 Epoch 5/20:   0%|                                                                                         | 0/47 [00:00<?, ?it/s]
Stage1 Epoch 5/20:   2%|█▋                                                                               | 1/47 [00:00<00:07,  6.02it/s]
Stage1 Epoch 5/20:  11%|████████▌                                                                        | 5/47 [00:00<00:01, 21.48it/s]
Stage1 Epoch 5/20:  21%|█████████████████                                                               | 10/47 [00:00<00:01, 28.29it/s]
Stage1 Epoch 5/20:  32%|█████████████████████████▌                                                      | 15/47 [00:00<00:00, 34.82it/s]
Stage1 Epoch 5/20:  40%|████████████████████████████████▎                                               | 19/47 [00:00<00:00, 35.73it/s]
Stage1 Epoch 5/20:  51%|████████████████████████████████████████▊                                       | 24/47 [00:00<00:00, 39.47it/s]
Stage1 Epoch 5/20:  62%|█████████████████████████████████████████████████▎                              | 29/47 [00:00<00:00, 40.86it/s]
Stage1 Epoch 5/20:  72%|█████████████████████████████████████████████████████████▊                      | 34/47 [00:00<00:00, 38.41it/s]
Stage1 Epoch 5/20:  83%|██████████████████████████████████████████████████████████████████▍             | 39/47 [00:01<00:00, 37.97it/s]
Stage1 Epoch 5/20:  94%|██████████████████████████████████████████████████████████████████████████▉     | 44/47 [00:01<00:00, 40.36it/s]
Stage1 Epoch 5/20: 100%|████████████████████████████████████████████████████████████████████████████████| 47/47 [00:01<00:00, 35.48it/s]

Stage1 Epoch 6/20:   0%|                                                                                         | 0/47 [00:00<?, ?it/s]
Stage1 Epoch 6/20:   2%|█▋                                                                               | 1/47 [00:00<00:07,  6.20it/s]
Stage1 Epoch 6/20:  11%|████████▌                                                                        | 5/47 [00:00<00:01, 21.22it/s]
Stage1 Epoch 6/20:  19%|███████████████▌                                                                 | 9/47 [00:00<00:01, 28.49it/s]
Stage1 Epoch 6/20:  28%|██████████████████████▏                                                         | 13/47 [00:00<00:01, 31.99it/s]
Stage1 Epoch 6/20:  36%|████████████████████████████▉                                                   | 17/47 [00:00<00:00, 33.96it/s]
Stage1 Epoch 6/20:  45%|███████████████████████████████████▋                                            | 21/47 [00:00<00:00, 35.24it/s]
Stage1 Epoch 6/20:  53%|██████████████████████████████████████████▌                                     | 25/47 [00:00<00:00, 36.14it/s]
Stage1 Epoch 6/20:  62%|█████████████████████████████████████████████████▎                              | 29/47 [00:00<00:00, 36.64it/s]
Stage1 Epoch 6/20:  70%|████████████████████████████████████████████████████████▏                       | 33/47 [00:00<00:00, 37.62it/s]
Stage1 Epoch 6/20:  79%|██████████████████████████████████████████████████████████████▉                 | 37/47 [00:01<00:00, 38.24it/s]
Stage1 Epoch 6/20:  87%|█████████████████████████████████████████████████████████████████████▊          | 41/47 [00:01<00:00, 38.46it/s]
Stage1 Epoch 6/20:  96%|████████████████████████████████████████████████████████████████████████████▌   | 45/47 [00:01<00:00, 38.43it/s]
Stage1 Epoch 6/20: 100%|████████████████████████████████████████████████████████████████████████████████| 47/47 [00:01<00:00, 33.70it/s]

Stage1 Epoch 7/20:   0%|                                                                                         | 0/47 [00:00<?, ?it/s]
Stage1 Epoch 7/20:   2%|█▋                                                                               | 1/47 [00:00<00:07,  5.83it/s]
Stage1 Epoch 7/20:  11%|████████▌                                                                        | 5/47 [00:00<00:02, 20.64it/s]
Stage1 Epoch 7/20:  21%|█████████████████                                                               | 10/47 [00:00<00:01, 31.32it/s]
Stage1 Epoch 7/20:  32%|█████████████████████████▌                                                      | 15/47 [00:00<00:00, 37.04it/s]
Stage1 Epoch 7/20:  40%|████████████████████████████████▎                                               | 19/47 [00:00<00:00, 35.43it/s]
Stage1 Epoch 7/20:  51%|████████████████████████████████████████▊                                       | 24/47 [00:00<00:00, 38.45it/s]
Stage1 Epoch 7/20:  60%|███████████████████████████████████████████████▋                                | 28/47 [00:00<00:00, 37.88it/s]
Stage1 Epoch 7/20:  68%|██████████████████████████████████████████████████████▍                         | 32/47 [00:00<00:00, 37.64it/s]
Stage1 Epoch 7/20:  77%|█████████████████████████████████████████████████████████████▎                  | 36/47 [00:01<00:00, 35.02it/s]
Stage1 Epoch 7/20:  87%|█████████████████████████████████████████████████████████████████████▊          | 41/47 [00:01<00:00, 36.65it/s]
Stage1 Epoch 7/20:  98%|██████████████████████████████████████████████████████████████████████████████▎ | 46/47 [00:01<00:00, 39.75it/s]
Stage1 Epoch 7/20: 100%|████████████████████████████████████████████████████████████████████████████████| 47/47 [00:01<00:00, 34.97it/s]

Stage1 Epoch 8/20:   0%|                                                                                         | 0/47 [00:00<?, ?it/s]
Stage1 Epoch 8/20:   2%|█▋                                                                               | 1/47 [00:00<00:08,  5.23it/s]
Stage1 Epoch 8/20:  11%|████████▌                                                                        | 5/47 [00:00<00:02, 19.50it/s]
Stage1 Epoch 8/20:  19%|███████████████▌                                                                 | 9/47 [00:00<00:01, 26.40it/s]
Stage1 Epoch 8/20:  28%|██████████████████████▏                                                         | 13/47 [00:00<00:01, 30.47it/s]
Stage1 Epoch 8/20:  36%|████████████████████████████▉                                                   | 17/47 [00:00<00:00, 30.14it/s]
Stage1 Epoch 8/20:  47%|█████████████████████████████████████▍                                          | 22/47 [00:00<00:00, 35.64it/s]
Stage1 Epoch 8/20:  57%|█████████████████████████████████████████████▉                                  | 27/47 [00:00<00:00, 39.34it/s]
Stage1 Epoch 8/20:  68%|██████████████████████████████████████████████████████▍                         | 32/47 [00:00<00:00, 39.83it/s]
Stage1 Epoch 8/20:  79%|██████████████████████████████████████████████████████████████▉                 | 37/47 [00:01<00:00, 36.87it/s]
Stage1 Epoch 8/20:  87%|█████████████████████████████████████████████████████████████████████▊          | 41/47 [00:01<00:00, 35.19it/s]
Stage1 Epoch 8/20:  98%|██████████████████████████████████████████████████████████████████████████████▎ | 46/47 [00:01<00:00, 37.77it/s]
Stage1 Epoch 8/20: 100%|████████████████████████████████████████████████████████████████████████████████| 47/47 [00:01<00:00, 32.83it/s]

Stage1 Epoch 9/20:   0%|                                                                                         | 0/47 [00:00<?, ?it/s]
Stage1 Epoch 9/20:   2%|█▋                                                                               | 1/47 [00:00<00:07,  5.99it/s]
Stage1 Epoch 9/20:  11%|████████▌                                                                        | 5/47 [00:00<00:02, 19.25it/s]
Stage1 Epoch 9/20:  19%|███████████████▌                                                                 | 9/47 [00:00<00:01, 25.61it/s]
Stage1 Epoch 9/20:  30%|███████████████████████▊                                                        | 14/47 [00:00<00:01, 32.30it/s]
Stage1 Epoch 9/20:  38%|██████████████████████████████▋                                                 | 18/47 [00:00<00:00, 34.61it/s]
Stage1 Epoch 9/20:  47%|█████████████████████████████████████▍                                          | 22/47 [00:00<00:00, 34.07it/s]
Stage1 Epoch 9/20:  55%|████████████████████████████████████████████▎                                   | 26/47 [00:00<00:00, 34.23it/s]
Stage1 Epoch 9/20:  64%|███████████████████████████████████████████████████                             | 30/47 [00:00<00:00, 35.28it/s]
Stage1 Epoch 9/20:  72%|█████████████████████████████████████████████████████████▊                      | 34/47 [00:01<00:00, 35.90it/s]
Stage1 Epoch 9/20:  81%|████████████████████████████████████████████████████████████████▋               | 38/47 [00:01<00:00, 36.43it/s]
Stage1 Epoch 9/20:  91%|█████████████████████████████████████████████████████████████████████████▏      | 43/47 [00:01<00:00, 38.93it/s]
Stage1 Epoch 9/20: 100%|████████████████████████████████████████████████████████████████████████████████| 47/47 [00:01<00:00, 33.62it/s]

Stage1 Epoch 10/20:   0%|                                                                                        | 0/47 [00:00<?, ?it/s]
Stage1 Epoch 10/20:   2%|█▋                                                                              | 1/47 [00:00<00:07,  6.29it/s]
Stage1 Epoch 10/20:  11%|████████▌                                                                       | 5/47 [00:00<00:01, 21.68it/s]
Stage1 Epoch 10/20:  21%|████████████████▊                                                              | 10/47 [00:00<00:01, 30.85it/s]
Stage1 Epoch 10/20:  32%|█████████████████████████▏                                                     | 15/47 [00:00<00:00, 36.68it/s]
Stage1 Epoch 10/20:  40%|███████████████████████████████▉                                               | 19/47 [00:00<00:00, 37.04it/s]
Stage1 Epoch 10/20:  51%|████████████████████████████████████████▎                                      | 24/47 [00:00<00:00, 40.40it/s]
Stage1 Epoch 10/20:  62%|████████████████████████████████████████████████▋                              | 29/47 [00:00<00:00, 40.43it/s]
Stage1 Epoch 10/20:  72%|█████████████████████████████████████████████████████████▏                     | 34/47 [00:00<00:00, 42.26it/s]
Stage1 Epoch 10/20:  83%|█████████████████████████████████████████████████████████████████▌             | 39/47 [00:01<00:00, 39.75it/s]
Stage1 Epoch 10/20:  94%|█████████████████████████████████████████████████████████████████████████▉     | 44/47 [00:01<00:00, 40.54it/s]
Stage1 Epoch 10/20: 100%|███████████████████████████████████████████████████████████████████████████████| 47/47 [00:01<00:00, 36.07it/s]

Stage1 Epoch 11/20:   0%|                                                                                        | 0/47 [00:00<?, ?it/s]
Stage1 Epoch 11/20:   2%|█▋                                                                              | 1/47 [00:00<00:08,  5.67it/s]
Stage1 Epoch 11/20:  13%|██████████▏                                                                     | 6/47 [00:00<00:01, 24.33it/s]
Stage1 Epoch 11/20:  21%|████████████████▊                                                              | 10/47 [00:00<00:01, 30.02it/s]
Stage1 Epoch 11/20:  30%|███████████████████████▌                                                       | 14/47 [00:00<00:01, 32.38it/s]
Stage1 Epoch 11/20:  40%|███████████████████████████████▉                                               | 19/47 [00:00<00:00, 37.33it/s]
Stage1 Epoch 11/20:  51%|████████████████████████████████████████▎                                      | 24/47 [00:00<00:00, 39.30it/s]
Stage1 Epoch 11/20:  62%|████████████████████████████████████████████████▋                              | 29/47 [00:00<00:00, 39.85it/s]
Stage1 Epoch 11/20:  72%|█████████████████████████████████████████████████████████▏                     | 34/47 [00:01<00:00, 35.96it/s]
Stage1 Epoch 11/20:  81%|███████████████████████████████████████████████████████████████▊               | 38/47 [00:01<00:00, 36.61it/s]
Stage1 Epoch 11/20:  89%|██████████████████████████████████████████████████████████████████████▌        | 42/47 [00:01<00:00, 37.15it/s]
Stage1 Epoch 11/20:  98%|█████████████████████████████████████████████████████████████████████████████▎ | 46/47 [00:01<00:00, 37.43it/s]
Stage1 Epoch 11/20: 100%|███████████████████████████████████████████████████████████████████████████████| 47/47 [00:01<00:00, 34.59it/s]

Stage1 Epoch 12/20:   0%|                                                                                        | 0/47 [00:00<?, ?it/s]
Stage1 Epoch 12/20:   2%|█▋                                                                              | 1/47 [00:00<00:09,  4.75it/s]
Stage1 Epoch 12/20:  11%|████████▌                                                                       | 5/47 [00:00<00:02, 16.82it/s]
Stage1 Epoch 12/20:  19%|███████████████▎                                                                | 9/47 [00:00<00:01, 22.34it/s]
Stage1 Epoch 12/20:  28%|█████████████████████▊                                                         | 13/47 [00:00<00:01, 26.31it/s]
Stage1 Epoch 12/20:  36%|████████████████████████████▌                                                  | 17/47 [00:00<00:01, 29.76it/s]
Stage1 Epoch 12/20:  47%|████████████████████████████████████▉                                          | 22/47 [00:00<00:00, 34.07it/s]
Stage1 Epoch 12/20:  57%|█████████████████████████████████████████████▍                                 | 27/47 [00:00<00:00, 38.14it/s]
Stage1 Epoch 12/20:  68%|█████████████████████████████████████████████████████▊                         | 32/47 [00:01<00:00, 41.42it/s]
Stage1 Epoch 12/20:  79%|██████████████████████████████████████████████████████████████▏                | 37/47 [00:01<00:00, 41.40it/s]
Stage1 Epoch 12/20:  89%|██████████████████████████████████████████████████████████████████████▌        | 42/47 [00:01<00:00, 39.86it/s]
Stage1 Epoch 12/20: 100%|███████████████████████████████████████████████████████████████████████████████| 47/47 [00:01<00:00, 42.27it/s]
Stage1 Epoch 12/20: 100%|███████████████████████████████████████████████████████████████████████████████| 47/47 [00:01<00:00, 33.55it/s]

Stage2 Epoch 1/30:   0%|                                                                                         | 0/47 [00:00<?, ?it/s]
Stage2 Epoch 1/30:   2%|█▋                                                                               | 1/47 [00:00<00:13,  3.51it/s]
Stage2 Epoch 1/30:   9%|██████▉                                                                          | 4/47 [00:00<00:04, 10.70it/s]
Stage2 Epoch 1/30:  15%|████████████                                                                     | 7/47 [00:00<00:02, 14.34it/s]
Stage2 Epoch 1/30:  21%|█████████████████                                                               | 10/47 [00:00<00:02, 16.46it/s]
Stage2 Epoch 1/30:  28%|██████████████████████▏                                                         | 13/47 [00:00<00:01, 17.75it/s]
Stage2 Epoch 1/30:  34%|███████████████████████████▏                                                    | 16/47 [00:01<00:01, 18.59it/s]
Stage2 Epoch 1/30:  40%|████████████████████████████████▎                                               | 19/47 [00:01<00:01, 19.02it/s]
Stage2 Epoch 1/30:  47%|█████████████████████████████████████▍                                          | 22/47 [00:01<00:01, 19.38it/s]
Stage2 Epoch 1/30:  53%|██████████████████████████████████████████▌                                     | 25/47 [00:01<00:01, 19.67it/s]
Stage2 Epoch 1/30:  60%|███████████████████████████████████████████████▋                                | 28/47 [00:01<00:00, 19.84it/s]
Stage2 Epoch 1/30:  66%|████████████████████████████████████████████████████▊                           | 31/47 [00:01<00:00, 19.97it/s]
Stage2 Epoch 1/30:  72%|█████████████████████████████████████████████████████████▊                      | 34/47 [00:01<00:00, 20.06it/s]
Stage2 Epoch 1/30:  79%|██████████████████████████████████████████████████████████████▉                 | 37/47 [00:02<00:00, 20.11it/s]
Stage2 Epoch 1/30:  85%|████████████████████████████████████████████████████████████████████            | 40/47 [00:02<00:00, 20.07it/s]
Stage2 Epoch 1/30:  91%|█████████████████████████████████████████████████████████████████████████▏      | 43/47 [00:02<00:00, 20.11it/s]
Stage2 Epoch 1/30:  98%|██████████████████████████████████████████████████████████████████████████████▎ | 46/47 [00:02<00:00, 20.17it/s]
Stage2 Epoch 1/30: 100%|████████████████████████████████████████████████████████████████████████████████| 47/47 [00:02<00:00, 18.22it/s]

Stage2 Epoch 2/30:   0%|                                                                                         | 0/47 [00:00<?, ?it/s]
Stage2 Epoch 2/30:   2%|█▋                                                                               | 1/47 [00:00<00:10,  4.46it/s]
Stage2 Epoch 2/30:   9%|██████▉                                                                          | 4/47 [00:00<00:03, 12.11it/s]
Stage2 Epoch 2/30:  15%|████████████                                                                     | 7/47 [00:00<00:02, 15.45it/s]
Stage2 Epoch 2/30:  21%|█████████████████                                                               | 10/47 [00:00<00:02, 17.24it/s]
Stage2 Epoch 2/30:  28%|██████████████████████▏                                                         | 13/47 [00:00<00:01, 18.31it/s]
Stage2 Epoch 2/30:  34%|███████████████████████████▏                                                    | 16/47 [00:00<00:01, 18.97it/s]
Stage2 Epoch 2/30:  40%|████████████████████████████████▎                                               | 19/47 [00:01<00:01, 19.30it/s]
Stage2 Epoch 2/30:  47%|█████████████████████████████████████▍                                          | 22/47 [00:01<00:01, 19.59it/s]
Stage2 Epoch 2/30:  53%|██████████████████████████████████████████▌                                     | 25/47 [00:01<00:01, 19.79it/s]
Stage2 Epoch 2/30:  60%|███████████████████████████████████████████████▋                                | 28/47 [00:01<00:00, 19.93it/s]
Stage2 Epoch 2/30:  66%|████████████████████████████████████████████████████▊                           | 31/47 [00:01<00:00, 20.03it/s]
Stage2 Epoch 2/30:  72%|█████████████████████████████████████████████████████████▊                      | 34/47 [00:01<00:00, 20.10it/s]
Stage2 Epoch 2/30:  79%|██████████████████████████████████████████████████████████████▉                 | 37/47 [00:02<00:00, 20.11it/s]
Stage2 Epoch 2/30:  85%|████████████████████████████████████████████████████████████████████            | 40/47 [00:02<00:00, 20.10it/s]
Stage2 Epoch 2/30:  91%|█████████████████████████████████████████████████████████████████████████▏      | 43/47 [00:02<00:00, 20.11it/s]
Stage2 Epoch 2/30:  98%|██████████████████████████████████████████████████████████████████████████████▎ | 46/47 [00:02<00:00, 20.14it/s]
Stage2 Epoch 2/30: 100%|████████████████████████████████████████████████████████████████████████████████| 47/47 [00:02<00:00, 18.62it/s]

Stage2 Epoch 3/30:   0%|                                                                                         | 0/47 [00:00<?, ?it/s]
Stage2 Epoch 3/30:   2%|█▋                                                                               | 1/47 [00:00<00:09,  4.71it/s]
Stage2 Epoch 3/30:   9%|██████▉                                                                          | 4/47 [00:00<00:03, 12.47it/s]
Stage2 Epoch 3/30:  15%|████████████                                                                     | 7/47 [00:00<00:02, 15.69it/s]
Stage2 Epoch 3/30:  21%|█████████████████                                                               | 10/47 [00:00<00:02, 17.41it/s]
Stage2 Epoch 3/30:  28%|██████████████████████▏                                                         | 13/47 [00:00<00:01, 18.40it/s]
Stage2 Epoch 3/30:  34%|███████████████████████████▏                                                    | 16/47 [00:00<00:01, 19.03it/s]
Stage2 Epoch 3/30:  38%|██████████████████████████████▋                                                 | 18/47 [00:01<00:01, 19.23it/s]
Stage2 Epoch 3/30:  43%|██████████████████████████████████                                              | 20/47 [00:01<00:01, 19.39it/s]
Stage2 Epoch 3/30:  49%|███████████████████████████████████████▏                                        | 23/47 [00:01<00:01, 19.70it/s]
Stage2 Epoch 3/30:  55%|████████████████████████████████████████████▎                                   | 26/47 [00:01<00:01, 19.87it/s]
Stage2 Epoch 3/30:  62%|█████████████████████████████████████████████████▎                              | 29/47 [00:01<00:00, 19.99it/s]
Stage2 Epoch 3/30:  68%|██████████████████████████████████████████████████████▍                         | 32/47 [00:01<00:00, 20.08it/s]
Stage2 Epoch 3/30:  74%|███████████████████████████████████████████████████████████▌                    | 35/47 [00:01<00:00, 20.13it/s]
Stage2 Epoch 3/30:  81%|████████████████████████████████████████████████████████████████▋               | 38/47 [00:02<00:00, 20.07it/s]
Stage2 Epoch 3/30:  87%|█████████████████████████████████████████████████████████████████████▊          | 41/47 [00:02<00:00, 20.06it/s]
Stage2 Epoch 3/30:  94%|██████████████████████████████████████████████████████████████████████████▉     | 44/47 [00:02<00:00, 20.12it/s]
Stage2 Epoch 3/30: 100%|████████████████████████████████████████████████████████████████████████████████| 47/47 [00:02<00:00, 20.16it/s]
Stage2 Epoch 3/30: 100%|████████████████████████████████████████████████████████████████████████████████| 47/47 [00:02<00:00, 18.63it/s]

Stage2 Epoch 4/30:   0%|                                                                                         | 0/47 [00:00<?, ?it/s]
Stage2 Epoch 4/30:   2%|█▋                                                                               | 1/47 [00:00<00:09,  5.08it/s]
Stage2 Epoch 4/30:   9%|██████▉                                                                          | 4/47 [00:00<00:03, 12.90it/s]
Stage2 Epoch 4/30:  15%|████████████                                                                     | 7/47 [00:00<00:02, 16.03it/s]
Stage2 Epoch 4/30:  21%|█████████████████                                                               | 10/47 [00:00<00:02, 17.66it/s]
Stage2 Epoch 4/30:  28%|██████████████████████▏                                                         | 13/47 [00:00<00:01, 18.56it/s]
Stage2 Epoch 4/30:  34%|███████████████████████████▏                                                    | 16/47 [00:00<00:01, 19.13it/s]
Stage2 Epoch 4/30:  38%|██████████████████████████████▋                                                 | 18/47 [00:01<00:01, 19.34it/s]
Stage2 Epoch 4/30:  43%|██████████████████████████████████                                              | 20/47 [00:01<00:01, 19.44it/s]
Stage2 Epoch 4/30:  49%|███████████████████████████████████████▏                                        | 23/47 [00:01<00:01, 19.69it/s]
Stage2 Epoch 4/30:  55%|████████████████████████████████████████████▎                                   | 26/47 [00:01<00:01, 19.87it/s]
Stage2 Epoch 4/30:  62%|█████████████████████████████████████████████████▎                              | 29/47 [00:01<00:00, 19.99it/s]
Stage2 Epoch 4/30:  68%|██████████████████████████████████████████████████████▍                         | 32/47 [00:01<00:00, 20.07it/s]
Stage2 Epoch 4/30:  74%|███████████████████████████████████████████████████████████▌                    | 35/47 [00:01<00:00, 20.14it/s]
Stage2 Epoch 4/30:  81%|████████████████████████████████████████████████████████████████▋               | 38/47 [00:02<00:00, 20.09it/s]
Stage2 Epoch 4/30:  87%|█████████████████████████████████████████████████████████████████████▊          | 41/47 [00:02<00:00, 20.06it/s]
Stage2 Epoch 4/30:  94%|██████████████████████████████████████████████████████████████████████████▉     | 44/47 [00:02<00:00, 20.08it/s]
Stage2 Epoch 4/30: 100%|████████████████████████████████████████████████████████████████████████████████| 47/47 [00:02<00:00, 20.13it/s]
Stage2 Epoch 4/30: 100%|████████████████████████████████████████████████████████████████████████████████| 47/47 [00:02<00:00, 18.78it/s]

Stage2 Epoch 5/30:   0%|                                                                                         | 0/47 [00:00<?, ?it/s]
Stage2 Epoch 5/30:   2%|█▋                                                                               | 1/47 [00:00<00:09,  4.88it/s]
Stage2 Epoch 5/30:   9%|██████▉                                                                          | 4/47 [00:00<00:03, 12.69it/s]
Stage2 Epoch 5/30:  15%|████████████                                                                     | 7/47 [00:00<00:02, 15.86it/s]
Stage2 Epoch 5/30:  21%|█████████████████                                                               | 10/47 [00:00<00:02, 17.50it/s]
Stage2 Epoch 5/30:  28%|██████████████████████▏                                                         | 13/47 [00:00<00:01, 18.47it/s]
Stage2 Epoch 5/30:  34%|███████████████████████████▏                                                    | 16/47 [00:00<00:01, 19.07it/s]
Stage2 Epoch 5/30:  38%|██████████████████████████████▋                                                 | 18/47 [00:01<00:01, 19.24it/s]
Stage2 Epoch 5/30:  43%|██████████████████████████████████                                              | 20/47 [00:01<00:01, 19.32it/s]
Stage2 Epoch 5/30:  49%|███████████████████████████████████████▏                                        | 23/47 [00:01<00:01, 19.64it/s]
Stage2 Epoch 5/30:  55%|████████████████████████████████████████████▎                                   | 26/47 [00:01<00:01, 19.85it/s]
Stage2 Epoch 5/30:  62%|█████████████████████████████████████████████████▎                              | 29/47 [00:01<00:00, 19.99it/s]
Stage2 Epoch 5/30:  68%|██████████████████████████████████████████████████████▍                         | 32/47 [00:01<00:00, 20.09it/s]
Stage2 Epoch 5/30:  74%|███████████████████████████████████████████████████████████▌                    | 35/47 [00:01<00:00, 20.16it/s]
Stage2 Epoch 5/30:  81%|████████████████████████████████████████████████████████████████▋               | 38/47 [00:02<00:00, 20.14it/s]
Stage2 Epoch 5/30:  87%|█████████████████████████████████████████████████████████████████████▊          | 41/47 [00:02<00:00, 20.09it/s]
Stage2 Epoch 5/30:  94%|██████████████████████████████████████████████████████████████████████████▉     | 44/47 [00:02<00:00, 20.12it/s]
Stage2 Epoch 5/30: 100%|████████████████████████████████████████████████████████████████████████████████| 47/47 [00:02<00:00, 20.15it/s]
Stage2 Epoch 5/30: 100%|████████████████████████████████████████████████████████████████████████████████| 47/47 [00:02<00:00, 18.73it/s]

Stage2 Epoch 6/30:   0%|                                                                                         | 0/47 [00:00<?, ?it/s]
Stage2 Epoch 6/30:   2%|█▋                                                                               | 1/47 [00:00<00:10,  4.44it/s]
Stage2 Epoch 6/30:   9%|██████▉                                                                          | 4/47 [00:00<00:03, 12.08it/s]
Stage2 Epoch 6/30:  15%|████████████                                                                     | 7/47 [00:00<00:02, 15.45it/s]
Stage2 Epoch 6/30:  21%|█████████████████                                                               | 10/47 [00:00<00:02, 17.25it/s]
Stage2 Epoch 6/30:  28%|██████████████████████▏                                                         | 13/47 [00:00<00:01, 18.32it/s]
Stage2 Epoch 6/30:  34%|███████████████████████████▏                                                    | 16/47 [00:00<00:01, 18.96it/s]
Stage2 Epoch 6/30:  38%|██████████████████████████████▋                                                 | 18/47 [00:01<00:01, 19.15it/s]
Stage2 Epoch 6/30:  43%|██████████████████████████████████                                              | 20/47 [00:01<00:01, 19.26it/s]
Stage2 Epoch 6/30:  49%|███████████████████████████████████████▏                                        | 23/47 [00:01<00:01, 19.57it/s]
Stage2 Epoch 6/30:  55%|████████████████████████████████████████████▎                                   | 26/47 [00:01<00:01, 19.80it/s]
Stage2 Epoch 6/30:  62%|█████████████████████████████████████████████████▎                              | 29/47 [00:01<00:00, 19.94it/s]
Stage2 Epoch 6/30:  68%|██████████████████████████████████████████████████████▍                         | 32/47 [00:01<00:00, 20.06it/s]
Stage2 Epoch 6/30:  74%|███████████████████████████████████████████████████████████▌                    | 35/47 [00:01<00:00, 20.11it/s]
Stage2 Epoch 6/30:  81%|████████████████████████████████████████████████████████████████▋               | 38/47 [00:02<00:00, 20.08it/s]
Stage2 Epoch 6/30:  87%|█████████████████████████████████████████████████████████████████████▊          | 41/47 [00:02<00:00, 20.06it/s]
Stage2 Epoch 6/30:  94%|██████████████████████████████████████████████████████████████████████████▉     | 44/47 [00:02<00:00, 20.10it/s]
Stage2 Epoch 6/30: 100%|████████████████████████████████████████████████████████████████████████████████| 47/47 [00:02<00:00, 20.13it/s]
Stage2 Epoch 6/30: 100%|████████████████████████████████████████████████████████████████████████████████| 47/47 [00:02<00:00, 18.60it/s]

Stage2 Epoch 7/30:   0%|                                                                                         | 0/47 [00:00<?, ?it/s]
Stage2 Epoch 7/30:   2%|█▋                                                                               | 1/47 [00:00<00:09,  4.64it/s]
Stage2 Epoch 7/30:   9%|██████▉                                                                          | 4/47 [00:00<00:03, 12.33it/s]
Stage2 Epoch 7/30:  15%|████████████                                                                     | 7/47 [00:00<00:02, 15.56it/s]
Stage2 Epoch 7/30:  21%|█████████████████                                                               | 10/47 [00:00<00:02, 17.29it/s]
Stage2 Epoch 7/30:  28%|██████████████████████▏                                                         | 13/47 [00:00<00:01, 18.32it/s]
Stage2 Epoch 7/30:  34%|███████████████████████████▏                                                    | 16/47 [00:00<00:01, 18.97it/s]
Stage2 Epoch 7/30:  38%|██████████████████████████████▋                                                 | 18/47 [00:01<00:01, 19.18it/s]
Stage2 Epoch 7/30:  43%|██████████████████████████████████                                              | 20/47 [00:01<00:01, 19.32it/s]
Stage2 Epoch 7/30:  49%|███████████████████████████████████████▏                                        | 23/47 [00:01<00:01, 19.61it/s]
Stage2 Epoch 7/30:  55%|████████████████████████████████████████████▎                                   | 26/47 [00:01<00:01, 19.82it/s]
Stage2 Epoch 7/30:  62%|█████████████████████████████████████████████████▎                              | 29/47 [00:01<00:00, 19.95it/s]
Stage2 Epoch 7/30:  68%|██████████████████████████████████████████████████████▍                         | 32/47 [00:01<00:00, 20.04it/s]
Stage2 Epoch 7/30:  74%|███████████████████████████████████████████████████████████▌                    | 35/47 [00:01<00:00, 20.11it/s]
Stage2 Epoch 7/30:  81%|████████████████████████████████████████████████████████████████▋               | 38/47 [00:02<00:00, 20.07it/s]
Stage2 Epoch 7/30:  87%|█████████████████████████████████████████████████████████████████████▊          | 41/47 [00:02<00:00, 20.06it/s]
Stage2 Epoch 7/30:  94%|██████████████████████████████████████████████████████████████████████████▉     | 44/47 [00:02<00:00, 20.11it/s]
Stage2 Epoch 7/30: 100%|████████████████████████████████████████████████████████████████████████████████| 47/47 [00:02<00:00, 20.15it/s]
Stage2 Epoch 7/30: 100%|████████████████████████████████████████████████████████████████████████████████| 47/47 [00:02<00:00, 18.62it/s]

Stage2 Epoch 8/30:   0%|                                                                                         | 0/47 [00:00<?, ?it/s]
Stage2 Epoch 8/30:   2%|█▋                                                                               | 1/47 [00:00<00:09,  4.72it/s]
Stage2 Epoch 8/30:   9%|██████▉                                                                          | 4/47 [00:00<00:03, 12.46it/s]
Stage2 Epoch 8/30:  15%|████████████                                                                     | 7/47 [00:00<00:02, 15.69it/s]
Stage2 Epoch 8/30:  21%|█████████████████                                                               | 10/47 [00:00<00:02, 17.40it/s]
Stage2 Epoch 8/30:  28%|██████████████████████▏                                                         | 13/47 [00:00<00:01, 18.40it/s]
Stage2 Epoch 8/30:  34%|███████████████████████████▏                                                    | 16/47 [00:00<00:01, 19.01it/s]
Stage2 Epoch 8/30:  38%|██████████████████████████████▋                                                 | 18/47 [00:01<00:01, 19.19it/s]
Stage2 Epoch 8/30:  43%|██████████████████████████████████                                              | 20/47 [00:01<00:01, 19.37it/s]
Stage2 Epoch 8/30:  49%|███████████████████████████████████████▏                                        | 23/47 [00:01<00:01, 19.68it/s]
Stage2 Epoch 8/30:  55%|████████████████████████████████████████████▎                                   | 26/47 [00:01<00:01, 19.84it/s]
Stage2 Epoch 8/30:  62%|█████████████████████████████████████████████████▎                              | 29/47 [00:01<00:00, 19.98it/s]
Stage2 Epoch 8/30:  68%|██████████████████████████████████████████████████████▍                         | 32/47 [00:01<00:00, 20.08it/s]
Stage2 Epoch 8/30:  74%|███████████████████████████████████████████████████████████▌                    | 35/47 [00:01<00:00, 20.12it/s]
Stage2 Epoch 8/30:  81%|████████████████████████████████████████████████████████████████▋               | 38/47 [00:02<00:00, 20.03it/s]
Stage2 Epoch 8/30:  87%|█████████████████████████████████████████████████████████████████████▊          | 41/47 [00:02<00:00, 20.03it/s]
Stage2 Epoch 8/30:  94%|██████████████████████████████████████████████████████████████████████████▉     | 44/47 [00:02<00:00, 20.08it/s]
Stage2 Epoch 8/30: 100%|████████████████████████████████████████████████████████████████████████████████| 47/47 [00:02<00:00, 20.10it/s]
Stage2 Epoch 8/30: 100%|████████████████████████████████████████████████████████████████████████████████| 47/47 [00:02<00:00, 18.68it/s]

Stage2 Epoch 9/30:   0%|                                                                                         | 0/47 [00:00<?, ?it/s]
Stage2 Epoch 9/30:   2%|█▋                                                                               | 1/47 [00:00<00:11,  3.96it/s]
Stage2 Epoch 9/30:   9%|██████▉                                                                          | 4/47 [00:00<00:03, 11.39it/s]
Stage2 Epoch 9/30:  15%|████████████                                                                     | 7/47 [00:00<00:02, 14.86it/s]
Stage2 Epoch 9/30:  21%|█████████████████                                                               | 10/47 [00:00<00:02, 16.81it/s]
Stage2 Epoch 9/30:  28%|██████████████████████▏                                                         | 13/47 [00:00<00:01, 17.98it/s]
Stage2 Epoch 9/30:  34%|███████████████████████████▏                                                    | 16/47 [00:00<00:01, 18.73it/s]
Stage2 Epoch 9/30:  38%|██████████████████████████████▋                                                 | 18/47 [00:01<00:01, 18.98it/s]
Stage2 Epoch 9/30:  43%|██████████████████████████████████                                              | 20/47 [00:01<00:01, 19.17it/s]
Stage2 Epoch 9/30:  49%|███████████████████████████████████████▏                                        | 23/47 [00:01<00:01, 19.52it/s]
Stage2 Epoch 9/30:  55%|████████████████████████████████████████████▎                                   | 26/47 [00:01<00:01, 19.75it/s]
Stage2 Epoch 9/30:  62%|█████████████████████████████████████████████████▎                              | 29/47 [00:01<00:00, 19.92it/s]
Stage2 Epoch 9/30:  68%|██████████████████████████████████████████████████████▍                         | 32/47 [00:01<00:00, 20.02it/s]
Stage2 Epoch 9/30:  74%|███████████████████████████████████████████████████████████▌                    | 35/47 [00:01<00:00, 20.09it/s]
Stage2 Epoch 9/30:  81%|████████████████████████████████████████████████████████████████▋               | 38/47 [00:02<00:00, 20.04it/s]
Stage2 Epoch 9/30:  87%|█████████████████████████████████████████████████████████████████████▊          | 41/47 [00:02<00:00, 20.05it/s]
Stage2 Epoch 9/30:  94%|██████████████████████████████████████████████████████████████████████████▉     | 44/47 [00:02<00:00, 20.08it/s]
Stage2 Epoch 9/30: 100%|████████████████████████████████████████████████████████████████████████████████| 47/47 [00:02<00:00, 20.13it/s]
Stage2 Epoch 9/30: 100%|████████████████████████████████████████████████████████████████████████████████| 47/47 [00:02<00:00, 18.35it/s]

Stage2 Epoch 10/30:   0%|                                                                                        | 0/47 [00:00<?, ?it/s]
Stage2 Epoch 10/30:   2%|█▋                                                                              | 1/47 [00:00<00:09,  4.93it/s]
Stage2 Epoch 10/30:   6%|█████                                                                           | 3/47 [00:00<00:03, 11.02it/s]
Stage2 Epoch 10/30:  13%|██████████▏                                                                     | 6/47 [00:00<00:02, 15.28it/s]
Stage2 Epoch 10/30:  19%|███████████████▎                                                                | 9/47 [00:00<00:02, 17.24it/s]
Stage2 Epoch 10/30:  26%|████████████████████▏                                                          | 12/47 [00:00<00:01, 18.34it/s]
Stage2 Epoch 10/30:  32%|█████████████████████████▏                                                     | 15/47 [00:00<00:01, 18.96it/s]
Stage2 Epoch 10/30:  38%|██████████████████████████████▎                                                | 18/47 [00:01<00:01, 19.26it/s]
Stage2 Epoch 10/30:  43%|█████████████████████████████████▌                                             | 20/47 [00:01<00:01, 19.36it/s]
Stage2 Epoch 10/30:  49%|██████████████████████████████████████▋                                        | 23/47 [00:01<00:01, 19.61it/s]
Stage2 Epoch 10/30:  55%|███████████████████████████████████████████▋                                   | 26/47 [00:01<00:01, 19.82it/s]
Stage2 Epoch 10/30:  62%|████████████████████████████████████████████████▋                              | 29/47 [00:01<00:00, 19.97it/s]
Stage2 Epoch 10/30:  68%|█████████████████████████████████████████████████████▊                         | 32/47 [00:01<00:00, 20.05it/s]
Stage2 Epoch 10/30:  74%|██████████████████████████████████████████████████████████▊                    | 35/47 [00:01<00:00, 20.10it/s]
Stage2 Epoch 10/30:  81%|███████████████████████████████████████████████████████████████▊               | 38/47 [00:02<00:00, 19.99it/s]
Stage2 Epoch 10/30:  87%|████████████████████████████████████████████████████████████████████▉          | 41/47 [00:02<00:00, 20.01it/s]
Stage2 Epoch 10/30:  94%|█████████████████████████████████████████████████████████████████████████▉     | 44/47 [00:02<00:00, 20.05it/s]
Stage2 Epoch 10/30: 100%|███████████████████████████████████████████████████████████████████████████████| 47/47 [00:02<00:00, 20.09it/s]
Stage2 Epoch 10/30: 100%|███████████████████████████████████████████████████████████████████████████████| 47/47 [00:02<00:00, 18.70it/s]

Stage2 Epoch 11/30:   0%|                                                                                        | 0/47 [00:00<?, ?it/s]
Stage2 Epoch 11/30:   2%|█▋                                                                              | 1/47 [00:00<00:09,  4.80it/s]
Stage2 Epoch 11/30:   9%|██████▊                                                                         | 4/47 [00:00<00:03, 12.55it/s]
Stage2 Epoch 11/30:  15%|███████████▉                                                                    | 7/47 [00:00<00:02, 15.74it/s]
Stage2 Epoch 11/30:  21%|████████████████▊                                                              | 10/47 [00:00<00:02, 17.42it/s]
Stage2 Epoch 11/30:  28%|█████████████████████▊                                                         | 13/47 [00:00<00:01, 18.40it/s]
Stage2 Epoch 11/30:  34%|██████████████████████████▉                                                    | 16/47 [00:00<00:01, 19.00it/s]
Stage2 Epoch 11/30:  38%|██████████████████████████████▎                                                | 18/47 [00:01<00:01, 19.18it/s]
Stage2 Epoch 11/30:  43%|█████████████████████████████████▌                                             | 20/47 [00:01<00:01, 19.32it/s]
Stage2 Epoch 11/30:  49%|██████████████████████████████████████▋                                        | 23/47 [00:01<00:01, 19.63it/s]
Stage2 Epoch 11/30:  55%|███████████████████████████████████████████▋                                   | 26/47 [00:01<00:01, 19.82it/s]
Stage2 Epoch 11/30:  62%|████████████████████████████████████████████████▋                              | 29/47 [00:01<00:00, 19.95it/s]
Stage2 Epoch 11/30:  68%|█████████████████████████████████████████████████████▊                         | 32/47 [00:01<00:00, 20.03it/s]
Stage2 Epoch 11/30:  74%|██████████████████████████████████████████████████████████▊                    | 35/47 [00:01<00:00, 20.09it/s]
Stage2 Epoch 11/30:  81%|███████████████████████████████████████████████████████████████▊               | 38/47 [00:02<00:00, 20.07it/s]
Stage2 Epoch 11/30:  87%|████████████████████████████████████████████████████████████████████▉          | 41/47 [00:02<00:00, 20.07it/s]
Stage2 Epoch 11/30:  94%|█████████████████████████████████████████████████████████████████████████▉     | 44/47 [00:02<00:00, 20.10it/s]
Stage2 Epoch 11/30: 100%|███████████████████████████████████████████████████████████████████████████████| 47/47 [00:02<00:00, 20.14it/s]
Stage2 Epoch 11/30: 100%|███████████████████████████████████████████████████████████████████████████████| 47/47 [00:02<00:00, 18.66it/s]

Stage2 Epoch 12/30:   0%|                                                                                        | 0/47 [00:00<?, ?it/s]
Stage2 Epoch 12/30:   2%|█▋                                                                              | 1/47 [00:00<00:11,  4.04it/s]
Stage2 Epoch 12/30:   9%|██████▊                                                                         | 4/47 [00:00<00:03, 11.48it/s]
Stage2 Epoch 12/30:  15%|███████████▉                                                                    | 7/47 [00:00<00:02, 14.95it/s]
Stage2 Epoch 12/30:  21%|████████████████▊                                                              | 10/47 [00:00<00:02, 16.86it/s]
Stage2 Epoch 12/30:  28%|█████████████████████▊                                                         | 13/47 [00:00<00:01, 18.01it/s]
Stage2 Epoch 12/30:  34%|██████████████████████████▉                                                    | 16/47 [00:00<00:01, 18.75it/s]
Stage2 Epoch 12/30:  38%|██████████████████████████████▎                                                | 18/47 [00:01<00:01, 18.97it/s]
Stage2 Epoch 12/30:  43%|█████████████████████████████████▌                                             | 20/47 [00:01<00:01, 19.09it/s]
Stage2 Epoch 12/30:  47%|████████████████████████████████████▉                                          | 22/47 [00:01<00:01, 19.32it/s]
Stage2 Epoch 12/30:  53%|██████████████████████████████████████████                                     | 25/47 [00:01<00:01, 19.63it/s]
Stage2 Epoch 12/30:  60%|███████████████████████████████████████████████                                | 28/47 [00:01<00:00, 19.80it/s]
Stage2 Epoch 12/30:  66%|████████████████████████████████████████████████████                           | 31/47 [00:01<00:00, 19.92it/s]
Stage2 Epoch 12/30:  72%|█████████████████████████████████████████████████████████▏                     | 34/47 [00:01<00:00, 20.02it/s]
Stage2 Epoch 12/30:  79%|██████████████████████████████████████████████████████████████▏                | 37/47 [00:02<00:00, 20.03it/s]
Stage2 Epoch 12/30:  85%|███████████████████████████████████████████████████████████████████▏           | 40/47 [00:02<00:00, 20.01it/s]
Stage2 Epoch 12/30:  91%|████████████████████████████████████████████████████████████████████████▎      | 43/47 [00:02<00:00, 20.02it/s]
Stage2 Epoch 12/30:  98%|█████████████████████████████████████████████████████████████████████████████▎ | 46/47 [00:02<00:00, 20.07it/s]
Stage2 Epoch 12/30: 100%|███████████████████████████████████████████████████████████████████████████████| 47/47 [00:02<00:00, 18.36it/s]

Stage2 Epoch 13/30:   0%|                                                                                        | 0/47 [00:00<?, ?it/s]
Stage2 Epoch 13/30:   2%|█▋                                                                              | 1/47 [00:00<00:11,  4.05it/s]
Stage2 Epoch 13/30:   9%|██████▊                                                                         | 4/47 [00:00<00:03, 11.50it/s]
Stage2 Epoch 13/30:  15%|███████████▉                                                                    | 7/47 [00:00<00:02, 14.95it/s]
Stage2 Epoch 13/30:  21%|████████████████▊                                                              | 10/47 [00:00<00:02, 16.87it/s]
Stage2 Epoch 13/30:  28%|█████████████████████▊                                                         | 13/47 [00:00<00:01, 18.01it/s]
Stage2 Epoch 13/30:  34%|██████████████████████████▉                                                    | 16/47 [00:00<00:01, 18.72it/s]
Stage2 Epoch 13/30:  38%|██████████████████████████████▎                                                | 18/47 [00:01<00:01, 18.99it/s]
Stage2 Epoch 13/30:  43%|█████████████████████████████████▌                                             | 20/47 [00:01<00:01, 19.20it/s]
Stage2 Epoch 13/30:  49%|██████████████████████████████████████▋                                        | 23/47 [00:01<00:01, 19.54it/s]
Stage2 Epoch 13/30:  55%|███████████████████████████████████████████▋                                   | 26/47 [00:01<00:01, 19.74it/s]
Stage2 Epoch 13/30:  62%|████████████████████████████████████████████████▋                              | 29/47 [00:01<00:00, 19.89it/s]
Stage2 Epoch 13/30:  68%|█████████████████████████████████████████████████████▊                         | 32/47 [00:01<00:00, 19.97it/s]
Stage2 Epoch 13/30:  74%|██████████████████████████████████████████████████████████▊                    | 35/47 [00:01<00:00, 20.04it/s]
Stage2 Epoch 13/30:  81%|███████████████████████████████████████████████████████████████▊               | 38/47 [00:02<00:00, 20.01it/s]
Stage2 Epoch 13/30:  87%|████████████████████████████████████████████████████████████████████▉          | 41/47 [00:02<00:00, 20.02it/s]
Stage2 Epoch 13/30:  94%|█████████████████████████████████████████████████████████████████████████▉     | 44/47 [00:02<00:00, 20.04it/s]
Stage2 Epoch 13/30: 100%|███████████████████████████████████████████████████████████████████████████████| 47/47 [00:02<00:00, 20.08it/s]
Stage2 Epoch 13/30: 100%|███████████████████████████████████████████████████████████████████████████████| 47/47 [00:02<00:00, 18.36it/s]

Stage2 Epoch 14/30:   0%|                                                                                        | 0/47 [00:00<?, ?it/s]
Stage2 Epoch 14/30:   2%|█▋                                                                              | 1/47 [00:00<00:09,  4.95it/s]
Stage2 Epoch 14/30:   9%|██████▊                                                                         | 4/47 [00:00<00:03, 12.74it/s]
Stage2 Epoch 14/30:  15%|███████████▉                                                                    | 7/47 [00:00<00:02, 15.86it/s]
Stage2 Epoch 14/30:  21%|████████████████▊                                                              | 10/47 [00:00<00:02, 17.50it/s]
Stage2 Epoch 14/30:  28%|█████████████████████▊                                                         | 13/47 [00:00<00:01, 18.42it/s]
Stage2 Epoch 14/30:  34%|██████████████████████████▉                                                    | 16/47 [00:00<00:01, 19.00it/s]
Stage2 Epoch 14/30:  38%|██████████████████████████████▎                                                | 18/47 [00:01<00:01, 19.18it/s]
Stage2 Epoch 14/30:  43%|█████████████████████████████████▌                                             | 20/47 [00:01<00:01, 19.33it/s]
Stage2 Epoch 14/30:  49%|██████████████████████████████████████▋                                        | 23/47 [00:01<00:01, 19.60it/s]
Stage2 Epoch 14/30:  55%|███████████████████████████████████████████▋                                   | 26/47 [00:01<00:01, 19.80it/s]
Stage2 Epoch 14/30:  62%|████████████████████████████████████████████████▋                              | 29/47 [00:01<00:00, 19.93it/s]
Stage2 Epoch 14/30:  68%|█████████████████████████████████████████████████████▊                         | 32/47 [00:01<00:00, 20.01it/s]
Stage2 Epoch 14/30:  74%|██████████████████████████████████████████████████████████▊                    | 35/47 [00:01<00:00, 20.07it/s]
Stage2 Epoch 14/30:  81%|███████████████████████████████████████████████████████████████▊               | 38/47 [00:02<00:00, 20.01it/s]
Stage2 Epoch 14/30:  87%|████████████████████████████████████████████████████████████████████▉          | 41/47 [00:02<00:00, 19.99it/s]
Stage2 Epoch 14/30:  94%|█████████████████████████████████████████████████████████████████████████▉     | 44/47 [00:02<00:00, 20.02it/s]
Stage2 Epoch 14/30: 100%|███████████████████████████████████████████████████████████████████████████████| 47/47 [00:02<00:00, 20.08it/s]
Stage2 Epoch 14/30: 100%|███████████████████████████████████████████████████████████████████████████████| 47/47 [00:02<00:00, 18.65it/s]

Stage2 Epoch 15/30:   0%|                                                                                        | 0/47 [00:00<?, ?it/s]
Stage2 Epoch 15/30:   2%|█▋                                                                              | 1/47 [00:00<00:09,  4.85it/s]
Stage2 Epoch 15/30:   9%|██████▊                                                                         | 4/47 [00:00<00:03, 12.62it/s]
Stage2 Epoch 15/30:  15%|███████████▉                                                                    | 7/47 [00:00<00:02, 15.82it/s]
Stage2 Epoch 15/30:  21%|████████████████▊                                                              | 10/47 [00:00<00:02, 17.47it/s]
Stage2 Epoch 15/30:  28%|█████████████████████▊                                                         | 13/47 [00:00<00:01, 18.43it/s]
Stage2 Epoch 15/30:  34%|██████████████████████████▉                                                    | 16/47 [00:00<00:01, 19.02it/s]
Stage2 Epoch 15/30:  38%|██████████████████████████████▎                                                | 18/47 [00:01<00:01, 19.22it/s]
Stage2 Epoch 15/30:  43%|█████████████████████████████████▌                                             | 20/47 [00:01<00:01, 19.37it/s]
Stage2 Epoch 15/30:  49%|██████████████████████████████████████▋                                        | 23/47 [00:01<00:01, 19.64it/s]
Stage2 Epoch 15/30:  55%|███████████████████████████████████████████▋                                   | 26/47 [00:01<00:01, 19.81it/s]
Stage2 Epoch 15/30:  62%|████████████████████████████████████████████████▋                              | 29/47 [00:01<00:00, 19.93it/s]
Stage2 Epoch 15/30:  68%|█████████████████████████████████████████████████████▊                         | 32/47 [00:01<00:00, 19.98it/s]
Stage2 Epoch 15/30:  74%|██████████████████████████████████████████████████████████▊                    | 35/47 [00:01<00:00, 20.02it/s]
Stage2 Epoch 15/30:  81%|███████████████████████████████████████████████████████████████▊               | 38/47 [00:02<00:00, 19.95it/s]
Stage2 Epoch 15/30:  85%|███████████████████████████████████████████████████████████████████▏           | 40/47 [00:02<00:00, 19.95it/s]
Stage2 Epoch 15/30:  91%|████████████████████████████████████████████████████████████████████████▎      | 43/47 [00:02<00:00, 19.99it/s]
Stage2 Epoch 15/30:  98%|█████████████████████████████████████████████████████████████████████████████▎ | 46/47 [00:02<00:00, 20.03it/s]
Stage2 Epoch 15/30: 100%|███████████████████████████████████████████████████████████████████████████████| 47/47 [00:02<00:00, 18.66it/s]

Stage2 Epoch 16/30:   0%|                                                                                        | 0/47 [00:00<?, ?it/s]
Stage2 Epoch 16/30:   2%|█▋                                                                              | 1/47 [00:00<00:10,  4.47it/s]
Stage2 Epoch 16/30:   9%|██████▊                                                                         | 4/47 [00:00<00:03, 12.14it/s]
Stage2 Epoch 16/30:  15%|███████████▉                                                                    | 7/47 [00:00<00:02, 15.46it/s]
Stage2 Epoch 16/30:  21%|████████████████▊                                                              | 10/47 [00:00<00:02, 17.20it/s]
Stage2 Epoch 16/30:  28%|█████████████████████▊                                                         | 13/47 [00:00<00:01, 18.24it/s]
Stage2 Epoch 16/30:  34%|██████████████████████████▉                                                    | 16/47 [00:00<00:01, 18.89it/s]
Stage2 Epoch 16/30:  38%|██████████████████████████████▎                                                | 18/47 [00:01<00:01, 19.07it/s]
Stage2 Epoch 16/30:  43%|█████████████████████████████████▌                                             | 20/47 [00:01<00:01, 19.17it/s]
Stage2 Epoch 16/30:  49%|██████████████████████████████████████▋                                        | 23/47 [00:01<00:01, 19.48it/s]
Stage2 Epoch 16/30:  55%|███████████████████████████████████████████▋                                   | 26/47 [00:01<00:01, 19.71it/s]
Stage2 Epoch 16/30:  62%|████████████████████████████████████████████████▋                              | 29/47 [00:01<00:00, 19.86it/s]
Stage2 Epoch 16/30:  68%|█████████████████████████████████████████████████████▊                         | 32/47 [00:01<00:00, 19.96it/s]
Stage2 Epoch 16/30:  74%|██████████████████████████████████████████████████████████▊                    | 35/47 [00:01<00:00, 20.04it/s]
Stage2 Epoch 16/30:  81%|███████████████████████████████████████████████████████████████▊               | 38/47 [00:02<00:00, 20.03it/s]
Stage2 Epoch 16/30:  87%|████████████████████████████████████████████████████████████████████▉          | 41/47 [00:02<00:00, 19.99it/s]
Stage2 Epoch 16/30:  94%|█████████████████████████████████████████████████████████████████████████▉     | 44/47 [00:02<00:00, 20.03it/s]
Stage2 Epoch 16/30: 100%|███████████████████████████████████████████████████████████████████████████████| 47/47 [00:02<00:00, 20.08it/s]
Stage2 Epoch 16/30: 100%|███████████████████████████████████████████████████████████████████████████████| 47/47 [00:02<00:00, 18.54it/s]

Stage2 Epoch 17/30:   0%|                                                                                        | 0/47 [00:00<?, ?it/s]
Stage2 Epoch 17/30:   2%|█▋                                                                              | 1/47 [00:00<00:10,  4.55it/s]
Stage2 Epoch 17/30:   9%|██████▊                                                                         | 4/47 [00:00<00:03, 12.22it/s]
Stage2 Epoch 17/30:  15%|███████████▉                                                                    | 7/47 [00:00<00:02, 15.48it/s]
Stage2 Epoch 17/30:  21%|████████████████▊                                                              | 10/47 [00:00<00:02, 17.21it/s]
Stage2 Epoch 17/30:  28%|█████████████████████▊                                                         | 13/47 [00:00<00:01, 18.21it/s]
Stage2 Epoch 17/30:  34%|██████████████████████████▉                                                    | 16/47 [00:00<00:01, 18.86it/s]
Stage2 Epoch 17/30:  38%|██████████████████████████████▎                                                | 18/47 [00:01<00:01, 18.96it/s]
Stage2 Epoch 17/30:  43%|█████████████████████████████████▌                                             | 20/47 [00:01<00:01, 19.12it/s]
Stage2 Epoch 17/30:  49%|██████████████████████████████████████▋                                        | 23/47 [00:01<00:01, 19.47it/s]
Stage2 Epoch 17/30:  55%|███████████████████████████████████████████▋                                   | 26/47 [00:01<00:01, 19.72it/s]
Stage2 Epoch 17/30:  62%|████████████████████████████████████████████████▋                              | 29/47 [00:01<00:00, 19.87it/s]
Stage2 Epoch 17/30:  68%|█████████████████████████████████████████████████████▊                         | 32/47 [00:01<00:00, 19.96it/s]
Stage2 Epoch 17/30:  74%|██████████████████████████████████████████████████████████▊                    | 35/47 [00:01<00:00, 20.04it/s]
Stage2 Epoch 17/30:  81%|███████████████████████████████████████████████████████████████▊               | 38/47 [00:02<00:00, 19.98it/s]
Stage2 Epoch 17/30:  85%|███████████████████████████████████████████████████████████████████▏           | 40/47 [00:02<00:00, 19.98it/s]
Stage2 Epoch 17/30:  91%|████████████████████████████████████████████████████████████████████████▎      | 43/47 [00:02<00:00, 20.03it/s]
Stage2 Epoch 17/30:  98%|█████████████████████████████████████████████████████████████████████████████▎ | 46/47 [00:02<00:00, 20.08it/s]
Stage2 Epoch 17/30: 100%|███████████████████████████████████████████████████████████████████████████████| 47/47 [00:02<00:00, 18.50it/s]

Stage2 Epoch 18/30:   0%|                                                                                        | 0/47 [00:00<?, ?it/s]
Stage2 Epoch 18/30:   2%|█▋                                                                              | 1/47 [00:00<00:09,  4.81it/s]
Stage2 Epoch 18/30:   9%|██████▊                                                                         | 4/47 [00:00<00:03, 12.56it/s]
Stage2 Epoch 18/30:  15%|███████████▉                                                                    | 7/47 [00:00<00:02, 15.74it/s]
Stage2 Epoch 18/30:  21%|████████████████▊                                                              | 10/47 [00:00<00:02, 17.39it/s]
Stage2 Epoch 18/30:  28%|█████████████████████▊                                                         | 13/47 [00:00<00:01, 18.37it/s]
Stage2 Epoch 18/30:  34%|██████████████████████████▉                                                    | 16/47 [00:00<00:01, 18.98it/s]
Stage2 Epoch 18/30:  38%|██████████████████████████████▎                                                | 18/47 [00:01<00:01, 19.16it/s]
Stage2 Epoch 18/30:  43%|█████████████████████████████████▌                                             | 20/47 [00:01<00:01, 19.29it/s]
Stage2 Epoch 18/30:  49%|██████████████████████████████████████▋                                        | 23/47 [00:01<00:01, 19.55it/s]
Stage2 Epoch 18/30:  55%|███████████████████████████████████████████▋                                   | 26/47 [00:01<00:01, 19.75it/s]
Stage2 Epoch 18/30:  62%|████████████████████████████████████████████████▋                              | 29/47 [00:01<00:00, 19.87it/s]
Stage2 Epoch 18/30:  68%|█████████████████████████████████████████████████████▊                         | 32/47 [00:01<00:00, 19.98it/s]
Stage2 Epoch 18/30:  74%|██████████████████████████████████████████████████████████▊                    | 35/47 [00:01<00:00, 20.03it/s]
Stage2 Epoch 18/30:  81%|███████████████████████████████████████████████████████████████▊               | 38/47 [00:02<00:00, 20.00it/s]
Stage2 Epoch 18/30:  87%|████████████████████████████████████████████████████████████████████▉          | 41/47 [00:02<00:00, 19.99it/s]
Stage2 Epoch 18/30:  94%|█████████████████████████████████████████████████████████████████████████▉     | 44/47 [00:02<00:00, 20.03it/s]
Stage2 Epoch 18/30: 100%|███████████████████████████████████████████████████████████████████████████████| 47/47 [00:02<00:00, 20.05it/s]
Stage2 Epoch 18/30: 100%|███████████████████████████████████████████████████████████████████████████████| 47/47 [00:02<00:00, 18.62it/s]

Stage2 Epoch 19/30:   0%|                                                                                        | 0/47 [00:00<?, ?it/s]
Stage2 Epoch 19/30:   2%|█▋                                                                              | 1/47 [00:00<00:10,  4.54it/s]
Stage2 Epoch 19/30:   9%|██████▊                                                                         | 4/47 [00:00<00:03, 12.19it/s]
Stage2 Epoch 19/30:  15%|███████████▉                                                                    | 7/47 [00:00<00:02, 15.48it/s]
Stage2 Epoch 19/30:  21%|████████████████▊                                                              | 10/47 [00:00<00:02, 17.21it/s]
Stage2 Epoch 19/30:  28%|█████████████████████▊                                                         | 13/47 [00:00<00:01, 18.24it/s]
Stage2 Epoch 19/30:  34%|██████████████████████████▉                                                    | 16/47 [00:00<00:01, 18.88it/s]
Stage2 Epoch 19/30:  38%|██████████████████████████████▎                                                | 18/47 [00:01<00:01, 19.08it/s]
Stage2 Epoch 19/30:  43%|█████████████████████████████████▌                                             | 20/47 [00:01<00:01, 19.26it/s]
Stage2 Epoch 19/30:  49%|██████████████████████████████████████▋                                        | 23/47 [00:01<00:01, 19.59it/s]
Stage2 Epoch 19/30:  55%|███████████████████████████████████████████▋                                   | 26/47 [00:01<00:01, 19.77it/s]
Stage2 Epoch 19/30:  62%|████████████████████████████████████████████████▋                              | 29/47 [00:01<00:00, 19.88it/s]
Stage2 Epoch 19/30:  68%|█████████████████████████████████████████████████████▊                         | 32/47 [00:01<00:00, 19.94it/s]
Stage2 Epoch 19/30:  74%|██████████████████████████████████████████████████████████▊                    | 35/47 [00:01<00:00, 19.99it/s]
Stage2 Epoch 19/30:  81%|███████████████████████████████████████████████████████████████▊               | 38/47 [00:02<00:00, 19.94it/s]
Stage2 Epoch 19/30:  85%|███████████████████████████████████████████████████████████████████▏           | 40/47 [00:02<00:00, 19.94it/s]
Stage2 Epoch 19/30:  91%|████████████████████████████████████████████████████████████████████████▎      | 43/47 [00:02<00:00, 20.00it/s]
Stage2 Epoch 19/30:  98%|█████████████████████████████████████████████████████████████████████████████▎ | 46/47 [00:02<00:00, 20.04it/s]
Stage2 Epoch 19/30: 100%|███████████████████████████████████████████████████████████████████████████████| 47/47 [00:02<00:00, 18.54it/s]

Stage2 Epoch 20/30:   0%|                                                                                        | 0/47 [00:00<?, ?it/s]
Stage2 Epoch 20/30:   2%|█▋                                                                              | 1/47 [00:00<00:10,  4.24it/s]
Stage2 Epoch 20/30:   9%|██████▊                                                                         | 4/47 [00:00<00:03, 11.77it/s]
Stage2 Epoch 20/30:  15%|███████████▉                                                                    | 7/47 [00:00<00:02, 15.15it/s]
Stage2 Epoch 20/30:  21%|████████████████▊                                                              | 10/47 [00:00<00:02, 16.99it/s]
Stage2 Epoch 20/30:  28%|█████████████████████▊                                                         | 13/47 [00:00<00:01, 18.07it/s]
Stage2 Epoch 20/30:  34%|██████████████████████████▉                                                    | 16/47 [00:00<00:01, 18.75it/s]
Stage2 Epoch 20/30:  38%|██████████████████████████████▎                                                | 18/47 [00:01<00:01, 18.98it/s]
Stage2 Epoch 20/30:  43%|█████████████████████████████████▌                                             | 20/47 [00:01<00:01, 19.16it/s]
Stage2 Epoch 20/30:  49%|██████████████████████████████████████▋                                        | 23/47 [00:01<00:01, 19.48it/s]
Stage2 Epoch 20/30:  55%|███████████████████████████████████████████▋                                   | 26/47 [00:01<00:01, 19.70it/s]
Stage2 Epoch 20/30:  62%|████████████████████████████████████████████████▋                              | 29/47 [00:01<00:00, 19.87it/s]
Stage2 Epoch 20/30:  68%|█████████████████████████████████████████████████████▊                         | 32/47 [00:01<00:00, 19.97it/s]
Stage2 Epoch 20/30:  74%|██████████████████████████████████████████████████████████▊                    | 35/47 [00:01<00:00, 20.03it/s]
Stage2 Epoch 20/30:  81%|███████████████████████████████████████████████████████████████▊               | 38/47 [00:02<00:00, 19.97it/s]
Stage2 Epoch 20/30:  85%|███████████████████████████████████████████████████████████████████▏           | 40/47 [00:02<00:00, 19.96it/s]
Stage2 Epoch 20/30:  89%|██████████████████████████████████████████████████████████████████████▌        | 42/47 [00:02<00:00, 19.96it/s]
Stage2 Epoch 20/30:  96%|███████████████████████████████████████████████████████████████████████████▋   | 45/47 [00:02<00:00, 20.03it/s]
Stage2 Epoch 20/30: 100%|███████████████████████████████████████████████████████████████████████████████| 47/47 [00:02<00:00, 18.40it/s]

Stage2 Epoch 21/30:   0%|                                                                                        | 0/47 [00:00<?, ?it/s]
Stage2 Epoch 21/30:   2%|█▋                                                                              | 1/47 [00:00<00:09,  5.09it/s]
Stage2 Epoch 21/30:   9%|██████▊                                                                         | 4/47 [00:00<00:03, 12.91it/s]
Stage2 Epoch 21/30:  15%|███████████▉                                                                    | 7/47 [00:00<00:02, 15.97it/s]
Stage2 Epoch 21/30:  21%|████████████████▊                                                              | 10/47 [00:00<00:02, 17.55it/s]
Stage2 Epoch 21/30:  28%|█████████████████████▊                                                         | 13/47 [00:00<00:01, 18.48it/s]
Stage2 Epoch 21/30:  34%|██████████████████████████▉                                                    | 16/47 [00:00<00:01, 19.03it/s]
Stage2 Epoch 21/30:  38%|██████████████████████████████▎                                                | 18/47 [00:01<00:01, 19.17it/s]
Stage2 Epoch 21/30:  43%|█████████████████████████████████▌                                             | 20/47 [00:01<00:01, 19.33it/s]
Stage2 Epoch 21/30:  49%|██████████████████████████████████████▋                                        | 23/47 [00:01<00:01, 19.59it/s]
Stage2 Epoch 21/30:  55%|███████████████████████████████████████████▋                                   | 26/47 [00:01<00:01, 19.74it/s]
Stage2 Epoch 21/30:  62%|████████████████████████████████████████████████▋                              | 29/47 [00:01<00:00, 19.87it/s]
Stage2 Epoch 21/30:  68%|█████████████████████████████████████████████████████▊                         | 32/47 [00:01<00:00, 19.94it/s]
Stage2 Epoch 21/30:  74%|██████████████████████████████████████████████████████████▊                    | 35/47 [00:01<00:00, 20.00it/s]
Stage2 Epoch 21/30:  81%|███████████████████████████████████████████████████████████████▊               | 38/47 [00:02<00:00, 19.93it/s]
Stage2 Epoch 21/30:  85%|███████████████████████████████████████████████████████████████████▏           | 40/47 [00:02<00:00, 19.93it/s]
Stage2 Epoch 21/30:  91%|████████████████████████████████████████████████████████████████████████▎      | 43/47 [00:02<00:00, 19.99it/s]
Stage2 Epoch 21/30:  98%|█████████████████████████████████████████████████████████████████████████████▎ | 46/47 [00:02<00:00, 20.02it/s]
Stage2 Epoch 21/30: 100%|███████████████████████████████████████████████████████████████████████████████| 47/47 [00:02<00:00, 18.67it/s]

Stage2 Epoch 22/30:   0%|                                                                                        | 0/47 [00:00<?, ?it/s]
Stage2 Epoch 22/30:   2%|█▋                                                                              | 1/47 [00:00<00:08,  5.21it/s]
Stage2 Epoch 22/30:   6%|█████                                                                           | 3/47 [00:00<00:04, 10.90it/s]
Stage2 Epoch 22/30:  13%|██████████▏                                                                     | 6/47 [00:00<00:02, 15.14it/s]
Stage2 Epoch 22/30:  19%|███████████████▎                                                                | 9/47 [00:00<00:02, 17.12it/s]
Stage2 Epoch 22/30:  26%|████████████████████▏                                                          | 12/47 [00:00<00:01, 18.21it/s]
Stage2 Epoch 22/30:  32%|█████████████████████████▏                                                     | 15/47 [00:00<00:01, 18.86it/s]
Stage2 Epoch 22/30:  38%|██████████████████████████████▎                                                | 18/47 [00:01<00:01, 19.18it/s]
Stage2 Epoch 22/30:  43%|█████████████████████████████████▌                                             | 20/47 [00:01<00:01, 19.34it/s]
Stage2 Epoch 22/30:  49%|██████████████████████████████████████▋                                        | 23/47 [00:01<00:01, 19.59it/s]
Stage2 Epoch 22/30:  55%|███████████████████████████████████████████▋                                   | 26/47 [00:01<00:01, 19.77it/s]
Stage2 Epoch 22/30:  62%|████████████████████████████████████████████████▋                              | 29/47 [00:01<00:00, 19.88it/s]
Stage2 Epoch 22/30:  68%|█████████████████████████████████████████████████████▊                         | 32/47 [00:01<00:00, 19.97it/s]
Stage2 Epoch 22/30:  74%|██████████████████████████████████████████████████████████▊                    | 35/47 [00:01<00:00, 20.01it/s]
Stage2 Epoch 22/30:  81%|███████████████████████████████████████████████████████████████▊               | 38/47 [00:02<00:00, 19.95it/s]
Stage2 Epoch 22/30:  85%|███████████████████████████████████████████████████████████████████▏           | 40/47 [00:02<00:00, 19.95it/s]
Stage2 Epoch 22/30:  91%|████████████████████████████████████████████████████████████████████████▎      | 43/47 [00:02<00:00, 19.99it/s]
Stage2 Epoch 22/30:  98%|█████████████████████████████████████████████████████████████████████████████▎ | 46/47 [00:02<00:00, 20.02it/s]
Stage2 Epoch 22/30: 100%|███████████████████████████████████████████████████████████████████████████████| 47/47 [00:02<00:00, 18.61it/s]

Stage2 Epoch 23/30:   0%|                                                                                        | 0/47 [00:00<?, ?it/s]
Stage2 Epoch 23/30:   2%|█▋                                                                              | 1/47 [00:00<00:09,  4.69it/s]
Stage2 Epoch 23/30:   9%|██████▊                                                                         | 4/47 [00:00<00:03, 12.38it/s]
Stage2 Epoch 23/30:  15%|███████████▉                                                                    | 7/47 [00:00<00:02, 15.61it/s]
Stage2 Epoch 23/30:  21%|████████████████▊                                                              | 10/47 [00:00<00:02, 17.30it/s]
Stage2 Epoch 23/30:  28%|█████████████████████▊                                                         | 13/47 [00:00<00:01, 18.28it/s]
Stage2 Epoch 23/30:  34%|██████████████████████████▉                                                    | 16/47 [00:00<00:01, 18.92it/s]
Stage2 Epoch 23/30:  38%|██████████████████████████████▎                                                | 18/47 [00:01<00:01, 19.11it/s]
Stage2 Epoch 23/30:  43%|█████████████████████████████████▌                                             | 20/47 [00:01<00:01, 19.21it/s]
Stage2 Epoch 23/30:  49%|██████████████████████████████████████▋                                        | 23/47 [00:01<00:01, 19.53it/s]
Stage2 Epoch 23/30:  55%|███████████████████████████████████████████▋                                   | 26/47 [00:01<00:01, 19.72it/s]
Stage2 Epoch 23/30:  62%|████████████████████████████████████████████████▋                              | 29/47 [00:01<00:00, 19.86it/s]
Stage2 Epoch 23/30:  68%|█████████████████████████████████████████████████████▊                         | 32/47 [00:01<00:00, 19.95it/s]
Stage2 Epoch 23/30:  74%|██████████████████████████████████████████████████████████▊                    | 35/47 [00:01<00:00, 20.01it/s]
Stage2 Epoch 23/30:  81%|███████████████████████████████████████████████████████████████▊               | 38/47 [00:02<00:00, 19.98it/s]
Stage2 Epoch 23/30:  85%|███████████████████████████████████████████████████████████████████▏           | 40/47 [00:02<00:00, 19.98it/s]
Stage2 Epoch 23/30:  91%|████████████████████████████████████████████████████████████████████████▎      | 43/47 [00:02<00:00, 20.00it/s]
Stage2 Epoch 23/30:  98%|█████████████████████████████████████████████████████████████████████████████▎ | 46/47 [00:02<00:00, 20.05it/s]
Stage2 Epoch 23/30: 100%|███████████████████████████████████████████████████████████████████████████████| 47/47 [00:02<00:00, 18.54it/s]
/mnt/workspace/utils/train_visualizer.py:100: UserWarning: Glyph 21335 (\N{CJK UNIFIED IDEOGRAPH-5357}) missing from font(s) DejaVu Sans.
  fig.tight_layout()
/mnt/workspace/utils/train_visualizer.py:100: UserWarning: Glyph 22825 (\N{CJK UNIFIED IDEOGRAPH-5929}) missing from font(s) DejaVu Sans.
  fig.tight_layout()
/mnt/workspace/utils/train_visualizer.py:100: UserWarning: Glyph 31481 (\N{CJK UNIFIED IDEOGRAPH-7AF9}) missing from font(s) DejaVu Sans.
  fig.tight_layout()
/mnt/workspace/utils/train_visualizer.py:100: UserWarning: Glyph 21494 (\N{CJK UNIFIED IDEOGRAPH-53F6}) missing from font(s) DejaVu Sans.
  fig.tight_layout()
/mnt/workspace/utils/train_visualizer.py:100: UserWarning: Glyph 23567 (\N{CJK UNIFIED IDEOGRAPH-5C0F}) missing from font(s) DejaVu Sans.
  fig.tight_layout()
/mnt/workspace/utils/train_visualizer.py:100: UserWarning: Glyph 22899 (\N{CJK UNIFIED IDEOGRAPH-5973}) missing from font(s) DejaVu Sans.
  fig.tight_layout()
/mnt/workspace/utils/train_visualizer.py:100: UserWarning: Glyph 36126 (\N{CJK UNIFIED IDEOGRAPH-8D1E}) missing from font(s) DejaVu Sans.
  fig.tight_layout()
/mnt/workspace/utils/train_visualizer.py:100: UserWarning: Glyph 24748 (\N{CJK UNIFIED IDEOGRAPH-60AC}) missing from font(s) DejaVu Sans.
  fig.tight_layout()
/mnt/workspace/utils/train_visualizer.py:100: UserWarning: Glyph 38083 (\N{CJK UNIFIED IDEOGRAPH-94C3}) missing from font(s) DejaVu Sans.
  fig.tight_layout()
/mnt/workspace/utils/train_visualizer.py:100: UserWarning: Glyph 26408 (\N{CJK UNIFIED IDEOGRAPH-6728}) missing from font(s) DejaVu Sans.
  fig.tight_layout()
/mnt/workspace/utils/train_visualizer.py:100: UserWarning: Glyph 26460 (\N{CJK UNIFIED IDEOGRAPH-675C}) missing from font(s) DejaVu Sans.
  fig.tight_layout()
/mnt/workspace/utils/train_visualizer.py:100: UserWarning: Glyph 40515 (\N{CJK UNIFIED IDEOGRAPH-9E43}) missing from font(s) DejaVu Sans.
  fig.tight_layout()
/mnt/workspace/utils/train_visualizer.py:100: UserWarning: Glyph 33457 (\N{CJK UNIFIED IDEOGRAPH-82B1}) missing from font(s) DejaVu Sans.
  fig.tight_layout()
/mnt/workspace/utils/train_visualizer.py:100: UserWarning: Glyph 26503 (\N{CJK UNIFIED IDEOGRAPH-6787}) missing from font(s) DejaVu Sans.
  fig.tight_layout()
/mnt/workspace/utils/train_visualizer.py:100: UserWarning: Glyph 26487 (\N{CJK UNIFIED IDEOGRAPH-6777}) missing from font(s) DejaVu Sans.
  fig.tight_layout()
/mnt/workspace/utils/train_visualizer.py:100: UserWarning: Glyph 27185 (\N{CJK UNIFIED IDEOGRAPH-6A31}) missing from font(s) DejaVu Sans.
  fig.tight_layout()
/mnt/workspace/utils/train_visualizer.py:100: UserWarning: Glyph 27861 (\N{CJK UNIFIED IDEOGRAPH-6CD5}) missing from font(s) DejaVu Sans.
  fig.tight_layout()
/mnt/workspace/utils/train_visualizer.py:100: UserWarning: Glyph 22269 (\N{CJK UNIFIED IDEOGRAPH-56FD}) missing from font(s) DejaVu Sans.
  fig.tight_layout()
/mnt/workspace/utils/train_visualizer.py:100: UserWarning: Glyph 20908 (\N{CJK UNIFIED IDEOGRAPH-51AC}) missing from font(s) DejaVu Sans.
  fig.tight_layout()
/mnt/workspace/utils/train_visualizer.py:100: UserWarning: Glyph 38738 (\N{CJK UNIFIED IDEOGRAPH-9752}) missing from font(s) DejaVu Sans.
  fig.tight_layout()
/mnt/workspace/utils/train_visualizer.py:100: UserWarning: Glyph 28023 (\N{CJK UNIFIED IDEOGRAPH-6D77}) missing from font(s) DejaVu Sans.
  fig.tight_layout()
/mnt/workspace/utils/train_visualizer.py:100: UserWarning: Glyph 26704 (\N{CJK UNIFIED IDEOGRAPH-6850}) missing from font(s) DejaVu Sans.
  fig.tight_layout()
/mnt/workspace/utils/train_visualizer.py:100: UserWarning: Glyph 30707 (\N{CJK UNIFIED IDEOGRAPH-77F3}) missing from font(s) DejaVu Sans.
  fig.tight_layout()
/mnt/workspace/utils/train_visualizer.py:100: UserWarning: Glyph 26976 (\N{CJK UNIFIED IDEOGRAPH-6960}) missing from font(s) DejaVu Sans.
  fig.tight_layout()
/mnt/workspace/utils/train_visualizer.py:101: UserWarning: Glyph 21335 (\N{CJK UNIFIED IDEOGRAPH-5357}) missing from font(s) DejaVu Sans.
  fig.savefig(output_path, bbox_inches="tight")
/mnt/workspace/utils/train_visualizer.py:101: UserWarning: Glyph 22825 (\N{CJK UNIFIED IDEOGRAPH-5929}) missing from font(s) DejaVu Sans.
  fig.savefig(output_path, bbox_inches="tight")
/mnt/workspace/utils/train_visualizer.py:101: UserWarning: Glyph 31481 (\N{CJK UNIFIED IDEOGRAPH-7AF9}) missing from font(s) DejaVu Sans.
  fig.savefig(output_path, bbox_inches="tight")
/mnt/workspace/utils/train_visualizer.py:101: UserWarning: Glyph 21494 (\N{CJK UNIFIED IDEOGRAPH-53F6}) missing from font(s) DejaVu Sans.
  fig.savefig(output_path, bbox_inches="tight")
/mnt/workspace/utils/train_visualizer.py:101: UserWarning: Glyph 23567 (\N{CJK UNIFIED IDEOGRAPH-5C0F}) missing from font(s) DejaVu Sans.
  fig.savefig(output_path, bbox_inches="tight")
/mnt/workspace/utils/train_visualizer.py:101: UserWarning: Glyph 22899 (\N{CJK UNIFIED IDEOGRAPH-5973}) missing from font(s) DejaVu Sans.
  fig.savefig(output_path, bbox_inches="tight")
/mnt/workspace/utils/train_visualizer.py:101: UserWarning: Glyph 36126 (\N{CJK UNIFIED IDEOGRAPH-8D1E}) missing from font(s) DejaVu Sans.
  fig.savefig(output_path, bbox_inches="tight")
/mnt/workspace/utils/train_visualizer.py:101: UserWarning: Glyph 24748 (\N{CJK UNIFIED IDEOGRAPH-60AC}) missing from font(s) DejaVu Sans.
  fig.savefig(output_path, bbox_inches="tight")
/mnt/workspace/utils/train_visualizer.py:101: UserWarning: Glyph 38083 (\N{CJK UNIFIED IDEOGRAPH-94C3}) missing from font(s) DejaVu Sans.
  fig.savefig(output_path, bbox_inches="tight")
/mnt/workspace/utils/train_visualizer.py:101: UserWarning: Glyph 26408 (\N{CJK UNIFIED IDEOGRAPH-6728}) missing from font(s) DejaVu Sans.
  fig.savefig(output_path, bbox_inches="tight")
/mnt/workspace/utils/train_visualizer.py:101: UserWarning: Glyph 26460 (\N{CJK UNIFIED IDEOGRAPH-675C}) missing from font(s) DejaVu Sans.
  fig.savefig(output_path, bbox_inches="tight")
/mnt/workspace/utils/train_visualizer.py:101: UserWarning: Glyph 40515 (\N{CJK UNIFIED IDEOGRAPH-9E43}) missing from font(s) DejaVu Sans.
  fig.savefig(output_path, bbox_inches="tight")
/mnt/workspace/utils/train_visualizer.py:101: UserWarning: Glyph 33457 (\N{CJK UNIFIED IDEOGRAPH-82B1}) missing from font(s) DejaVu Sans.
  fig.savefig(output_path, bbox_inches="tight")
/mnt/workspace/utils/train_visualizer.py:101: UserWarning: Glyph 26503 (\N{CJK UNIFIED IDEOGRAPH-6787}) missing from font(s) DejaVu Sans.
  fig.savefig(output_path, bbox_inches="tight")
/mnt/workspace/utils/train_visualizer.py:101: UserWarning: Glyph 26487 (\N{CJK UNIFIED IDEOGRAPH-6777}) missing from font(s) DejaVu Sans.
  fig.savefig(output_path, bbox_inches="tight")
/mnt/workspace/utils/train_visualizer.py:101: UserWarning: Glyph 27185 (\N{CJK UNIFIED IDEOGRAPH-6A31}) missing from font(s) DejaVu Sans.
  fig.savefig(output_path, bbox_inches="tight")
/mnt/workspace/utils/train_visualizer.py:101: UserWarning: Glyph 27861 (\N{CJK UNIFIED IDEOGRAPH-6CD5}) missing from font(s) DejaVu Sans.
  fig.savefig(output_path, bbox_inches="tight")
/mnt/workspace/utils/train_visualizer.py:101: UserWarning: Glyph 22269 (\N{CJK UNIFIED IDEOGRAPH-56FD}) missing from font(s) DejaVu Sans.
  fig.savefig(output_path, bbox_inches="tight")
/mnt/workspace/utils/train_visualizer.py:101: UserWarning: Glyph 20908 (\N{CJK UNIFIED IDEOGRAPH-51AC}) missing from font(s) DejaVu Sans.
  fig.savefig(output_path, bbox_inches="tight")
/mnt/workspace/utils/train_visualizer.py:101: UserWarning: Glyph 38738 (\N{CJK UNIFIED IDEOGRAPH-9752}) missing from font(s) DejaVu Sans.
  fig.savefig(output_path, bbox_inches="tight")
/mnt/workspace/utils/train_visualizer.py:101: UserWarning: Glyph 28023 (\N{CJK UNIFIED IDEOGRAPH-6D77}) missing from font(s) DejaVu Sans.
  fig.savefig(output_path, bbox_inches="tight")
/mnt/workspace/utils/train_visualizer.py:101: UserWarning: Glyph 26704 (\N{CJK UNIFIED IDEOGRAPH-6850}) missing from font(s) DejaVu Sans.
  fig.savefig(output_path, bbox_inches="tight")
/mnt/workspace/utils/train_visualizer.py:101: UserWarning: Glyph 30707 (\N{CJK UNIFIED IDEOGRAPH-77F3}) missing from font(s) DejaVu Sans.
  fig.savefig(output_path, bbox_inches="tight")
/mnt/workspace/utils/train_visualizer.py:101: UserWarning: Glyph 26976 (\N{CJK UNIFIED IDEOGRAPH-6960}) missing from font(s) DejaVu Sans.
  fig.savefig(output_path, bbox_inches="tight")
